Archive member included to satisfy reference by file (symbol)

/usr/share/segger_embedded_studio_for_arm_3.34/lib/libc_v7em_fpv4_sp_d16_hard_t_le_eabi.a(libc2.o)
                              Output/flash_fds_example_blank_pca10040 Debug/Obj/nrf_cli.o (isspace)
/usr/share/segger_embedded_studio_for_arm_3.34/lib/libc_v7em_fpv4_sp_d16_hard_t_le_eabi.a(libc2_asm.o)
                              Output/flash_fds_example_blank_pca10040 Debug/Obj/nrf_log_frontend.o (memcpy)
/usr/share/segger_embedded_studio_for_arm_3.34/lib/libc_v7em_fpv4_sp_d16_hard_t_le_eabi.a(libc_asm.o)
                              /usr/share/segger_embedded_studio_for_arm_3.34/lib/libc_v7em_fpv4_sp_d16_hard_t_le_eabi.a(libc2.o) (__aeabi_uldivmod)
/usr/share/segger_embedded_studio_for_arm_3.34/lib/libdebugio_v7em_fpv4_sp_d16_hard_t_le_eabi.a(libdebugio.o)
                              Output/flash_fds_example_blank_pca10040 Debug/Obj/thumb_crt0.o (debug_fopen)
/usr/share/segger_embedded_studio_for_arm_3.34/lib/libdebugio_mempoll_v7em_fpv4_sp_d16_hard_t_le_eabi.a(mempoll_debug_operations.o)
                              /usr/share/segger_embedded_studio_for_arm_3.34/lib/libdebugio_v7em_fpv4_sp_d16_hard_t_le_eabi.a(libdebugio.o) (__do_debug_operation)
/usr/share/segger_embedded_studio_for_arm_3.34/lib/libdebugio_mempoll_v7em_fpv4_sp_d16_hard_t_le_eabi.a(do_nv_debug_operation.o)
                              /usr/share/segger_embedded_studio_for_arm_3.34/lib/libdebugio_v7em_fpv4_sp_d16_hard_t_le_eabi.a(libdebugio.o) (__do_nvdebug_operation)
/usr/share/segger_embedded_studio_for_arm_3.34/lib/libm_v7em_fpv4_sp_d16_hard_t_le_eabi.a(libm_asm.o)
                              /usr/share/segger_embedded_studio_for_arm_3.34/lib/libc_v7em_fpv4_sp_d16_hard_t_le_eabi.a(libc2.o) (__aeabi_i2d)
/usr/share/segger_embedded_studio_for_arm_3.34/lib/libm_v7em_fpv4_sp_d16_hard_t_le_eabi.a(libm2.o)
                              /usr/share/segger_embedded_studio_for_arm_3.34/lib/libvfprintf_v7em_fpv4_sp_d16_hard_t_le_eabi.o (frexp)
/usr/share/segger_embedded_studio_for_arm_3.34/lib/libm_v7em_fpv4_sp_d16_hard_t_le_eabi.a(libm2_asm.o)
                              /usr/share/segger_embedded_studio_for_arm_3.34/lib/libm_v7em_fpv4_sp_d16_hard_t_le_eabi.a(libm2.o) (fabs)

Discarded input sections

 .text          0x0000000000000000        0x0 Output/flash_fds_example_blank_pca10040 Debug/Obj/thumb_crt0.o
 .data          0x0000000000000000        0x0 Output/flash_fds_example_blank_pca10040 Debug/Obj/thumb_crt0.o
 .bss           0x0000000000000000        0x0 Output/flash_fds_example_blank_pca10040 Debug/Obj/thumb_crt0.o
 .text.abort    0x0000000000000000        0x2 Output/flash_fds_example_blank_pca10040 Debug/Obj/thumb_crt0.o
 .text.__assert
                0x0000000000000000        0x2 Output/flash_fds_example_blank_pca10040 Debug/Obj/thumb_crt0.o
 .text.__aeabi_assert
                0x0000000000000000        0x2 Output/flash_fds_example_blank_pca10040 Debug/Obj/thumb_crt0.o
 .text.__cxa_pure_virtual
                0x0000000000000000        0x2 Output/flash_fds_example_blank_pca10040 Debug/Obj/thumb_crt0.o
 .text.__cxa_guard_acquire
                0x0000000000000000       0x10 Output/flash_fds_example_blank_pca10040 Debug/Obj/thumb_crt0.o
 .text.__cxa_guard_release
                0x0000000000000000        0x6 Output/flash_fds_example_blank_pca10040 Debug/Obj/thumb_crt0.o
 .text.__cxa_guard_abort
                0x0000000000000000        0x2 Output/flash_fds_example_blank_pca10040 Debug/Obj/thumb_crt0.o
 .text.__sync_synchronize
                0x0000000000000000        0x2 Output/flash_fds_example_blank_pca10040 Debug/Obj/thumb_crt0.o
 .text.__open   0x0000000000000000        0x4 Output/flash_fds_example_blank_pca10040 Debug/Obj/thumb_crt0.o
 .text.__close  0x0000000000000000        0x4 Output/flash_fds_example_blank_pca10040 Debug/Obj/thumb_crt0.o
 .text.__write  0x0000000000000000        0xa Output/flash_fds_example_blank_pca10040 Debug/Obj/thumb_crt0.o
 .text.__read   0x0000000000000000        0xa Output/flash_fds_example_blank_pca10040 Debug/Obj/thumb_crt0.o
 .text.__seek   0x0000000000000000       0x1a Output/flash_fds_example_blank_pca10040 Debug/Obj/thumb_crt0.o
 .bss.__user_locale_name_buffer
                0x0000000000000000        0x4 Output/flash_fds_example_blank_pca10040 Debug/Obj/thumb_crt0.o
 .stack         0x0000000000000000        0x0 Output/flash_fds_example_blank_pca10040 Debug/Obj/thumb_crt0.o
 .stack_process
                0x0000000000000000        0x0 Output/flash_fds_example_blank_pca10040 Debug/Obj/thumb_crt0.o
 .heap          0x0000000000000000        0x0 Output/flash_fds_example_blank_pca10040 Debug/Obj/thumb_crt0.o
 .group         0x0000000000000000        0x8 Output/flash_fds_example_blank_pca10040 Debug/Obj/nrf_log_backend_serial.o
 .group         0x0000000000000000        0x8 Output/flash_fds_example_blank_pca10040 Debug/Obj/nrf_log_backend_serial.o
[...]
Memory Configuration

Name             Origin             Length             Attributes
UNPLACED_SECTIONS 0x0000000100000000 0x0000000000000000 xw
RAM              0x0000000020000000 0x0000000000010000 xw
FLASH            0x0000000000000000 0x0000000000080000 xw
*default*        0x0000000000000000 0xffffffffffffffff

Linker script and memory map

                0x000000000000ddb0                __vfprintf = __vfprintf_long
                0x000000000000e7ae                __vfscanf = __vfscanf_int
                0x0000000020000000                __RAM_segment_start__ = 0x20000000
                0x0000000020010000                __RAM_segment_end__ = 0x20010000
                0x0000000000010000                __RAM_segment_size__ = 0x10000
                0x0000000000000000                __FLASH_segment_start__ = 0x0
                0x0000000000080000                __FLASH_segment_end__ = 0x80000
                0x0000000000080000                __FLASH_segment_size__ = 0x80000
                0x0000000000000200                __HEAPSIZE__ = 0x200
                0x0000000000000000                __STACKSIZE_ABT__ = 0x0
                0x0000000000000000                __STACKSIZE_FIQ__ = 0x0
                0x0000000000000000                __STACKSIZE_IRQ__ = 0x0
                0x0000000000000000                __STACKSIZE_PROCESS__ = 0x0
                0x0000000000000000                __STACKSIZE_SVC__ = 0x0
                0x0000000000000000                __STACKSIZE_UND__ = 0x0
                0x0000000000000800                __STACKSIZE__ = 0x800
                0x0000000020000000                __vectors_ram_load_start__ = 0x20000000

.vectors_ram    0x0000000020000000        0x0
                0x0000000020000000                __vectors_ram_start__ = .
                0x0000000020000000                __app_ram_start__ = __vectors_ram_start__
 *(.vectors_ram .vectors_ram.*)
                0x0000000020000000                __vectors_ram_end__ = (__vectors_ram_start__ + SIZEOF (.vectors_ram))
                0x0000000000000000                __vectors_ram_size__ = SIZEOF (.vectors_ram)
                0x0000000020000000                __vectors_ram_load_end__ = __vectors_ram_end__
                0x0000000000000001                . = ASSERT (((__vectors_ram_start__ == __vectors_ram_end__) || ((__vectors_ram_end__ >= __RAM_segment_start__) && (__vectors_ram_end__ <= __RAM_segment_end__))), error: .vectors_ram is too large to fit in RAM memory segment)
                0x0000000020000000                __nrf_sections_run_load_start__ = ALIGN (__vectors_ram_end__, 0x4)

.nrf_sections_run
                0x0000000020000000        0x0
                0x0000000020000000                __nrf_sections_run_start__ = .
                0x0000000020000000                __start_nrf_sections_run = __nrf_sections_run_start__
 *(.nrf_sections_run .nrf_sections_run.*)
                0x0000000020000000                __nrf_sections_run_end__ = (__nrf_sections_run_start__ + SIZEOF (.nrf_sections_run))
                0x0000000000000000                __nrf_sections_run_size__ = SIZEOF (.nrf_sections_run)
                0x0000000020000000                __nrf_sections_run_load_end__ = __nrf_sections_run_end__
                0x0000000000000001                . = ASSERT (((__nrf_sections_run_start__ == __nrf_sections_run_end__) || ((__nrf_sections_run_end__ >= __RAM_segment_start__) && (__nrf_sections_run_end__ <= __RAM_segment_end__))), error: .nrf_sections_run is too large to fit in RAM memory segment)
                0x0000000000000000                __vectors_load_start__ = 0x0

.vectors        0x0000000000000000       0xdc
                0x0000000000000000                __vectors_start__ = .
 *(.vectors .vectors.*)
 .vectors       0x0000000000000000       0xdc Output/flash_fds_example_blank_pca10040 Debug/Obj/ses_nrf52_Vectors.o
                0x0000000000000000                _vectors
                0x00000000000000dc                __vectors_end__ = (__vectors_start__ + SIZEOF (.vectors))
                0x00000000000000dc                __vectors_size__ = SIZEOF (.vectors)
                0x00000000000000dc                __vectors_load_end__ = __vectors_end__
                0x0000000000000001                . = ASSERT (((__vectors_start__ == __vectors_end__) || ((__vectors_end__ >= __FLASH_segment_start__) && (__vectors_end__ <= __FLASH_segment_end__))), error: .vectors is too large to fit in FLASH memory segment)
                0x00000000000000dc                __init_load_start__ = ALIGN (__vectors_end__, 0x4)

.init           0x00000000000000dc      0x218
                0x00000000000000dc                __init_start__ = .
 *(.init .init.*)
 .init          0x00000000000000dc      0x160 Output/flash_fds_example_blank_pca10040 Debug/Obj/thumb_crt0.o
                0x00000000000000dc                _start
                0x0000000000000192                exit
 .init          0x000000000000023c       0x58 Output/flash_fds_example_blank_pca10040 Debug/Obj/ses_nRF_Startup.o
                0x000000000000023c                Reset_Handler
                0x0000000000000260                InitializeUserMemorySections
 .init          0x0000000000000294       0x60 Output/flash_fds_example_blank_pca10040 Debug/Obj/ses_nrf52_Vectors.o
                0x0000000000000294                NMI_Handler
                0x0000000000000296                HardFault_Handler
                0x0000000000000298                MemoryManagement_Handler
                0x000000000000029a                BusFault_Handler
                0x000000000000029c                UsageFault_Handler
                0x000000000000029e                SVC_Handler
                0x00000000000002a0                DebugMon_Handler
                0x00000000000002a2                PendSV_Handler
                0x00000000000002a4                SysTick_Handler
                0x00000000000002aa                RADIO_IRQHandler
                0x00000000000002ae                SPIM0_SPIS0_TWIM0_TWIS0_SPI0_TWI0_IRQHandler
                0x00000000000002b0                SPIM1_SPIS1_TWIM1_TWIS1_SPI1_TWI1_IRQHandler
                0x00000000000002b2                NFCT_IRQHandler
                0x00000000000002b4                GPIOTE_IRQHandler
                0x00000000000002b6                SAADC_IRQHandler
                0x00000000000002b8                TIMER0_IRQHandler
                0x00000000000002ba                TIMER1_IRQHandler
                0x00000000000002bc                TIMER2_IRQHandler
                0x00000000000002be                RTC0_IRQHandler
                0x00000000000002c0                TEMP_IRQHandler
                0x00000000000002c2                RNG_IRQHandler
                0x00000000000002c4                ECB_IRQHandler
                0x00000000000002c6                CCM_AAR_IRQHandler
                0x00000000000002c8                WDT_IRQHandler
                0x00000000000002cc                QDEC_IRQHandler
                0x00000000000002ce                COMP_LPCOMP_IRQHandler
                0x00000000000002d2                SWI1_EGU1_IRQHandler
                0x00000000000002d4                SWI2_EGU2_IRQHandler
                0x00000000000002d6                SWI3_EGU3_IRQHandler
                0x00000000000002d8                SWI4_EGU4_IRQHandler
                0x00000000000002da                SWI5_EGU5_IRQHandler
                0x00000000000002dc                TIMER3_IRQHandler
                0x00000000000002de                TIMER4_IRQHandler
                0x00000000000002e0                PWM0_IRQHandler
                0x00000000000002e2                PDM_IRQHandler
                0x00000000000002e4                MWU_IRQHandler
                0x00000000000002e6                PWM1_IRQHandler
                0x00000000000002e8                PWM2_IRQHandler
                0x00000000000002ea                SPIM2_SPIS2_SPI2_IRQHandler
                0x00000000000002ec                RTC2_IRQHandler
                0x00000000000002ee                I2S_IRQHandler
                0x00000000000002f0                FPU_IRQHandler
                0x00000000000002f4                __init_end__ = (__init_start__ + SIZEOF (.init))
                0x0000000000000218                __init_size__ = SIZEOF (.init)
                0x00000000000002f4                __init_load_end__ = __init_end__
                0x0000000000000001                . = ASSERT (((__init_start__ == __init_end__) || ((__init_end__ >= __FLASH_segment_start__) && (__init_end__ <= __FLASH_segment_end__))), error: .init is too large to fit in FLASH memory segment)
                0x00000000000002f4                __init_rodata_load_start__ = ALIGN (__init_end__, 0x4)

.init_rodata    0x00000000000002f4        0x0
                0x00000000000002f4                __init_rodata_start__ = .
 *(.init_rodata .init_rodata.*)
                0x00000000000002f4                __init_rodata_end__ = (__init_rodata_start__ + SIZEOF (.init_rodata))
                0x0000000000000000                __init_rodata_size__ = SIZEOF (.init_rodata)
                0x00000000000002f4                __init_rodata_load_end__ = __init_rodata_end__
                0x0000000000000001                . = ASSERT (((__init_rodata_start__ == __init_rodata_end__) || ((__init_rodata_end__ >= __FLASH_segment_start__) && (__init_rodata_end__ <= __FLASH_segment_end__))), error: .init_rodata is too large to fit in FLASH memory segment)
                0x00000000000002f4                __text_load_start__ = ALIGN (__init_rodata_end__, 0x4)

.text           0x00000000000002f4     0xe864
                0x00000000000002f4                __text_start__ = .
 *(.text .text.* .glue_7t .glue_7 .gnu.linkonce.t.* .gcc_except_table .ARM.extab* .gnu.linkonce.armextab.*)
 .glue_7        0x00000000000002f4        0x0 linker stubs
 .glue_7t       0x00000000000002f4        0x0 linker stubs
 .text.__aeabi_read_tp
                0x00000000000002f4        0x8 Output/flash_fds_example_blank_pca10040 Debug/Obj/thumb_crt0.o
                0x00000000000002f4                __aeabi_read_tp
 .text.__heap_lock
                0x00000000000002fc        0x2 Output/flash_fds_example_blank_pca10040 Debug/Obj/thumb_crt0.o
                0x00000000000002fc                __heap_lock
 .text.__heap_unlock
                0x00000000000002fe        0x2 Output/flash_fds_example_blank_pca10040 Debug/Obj/thumb_crt0.o
                0x00000000000002fe                __heap_unlock
 .text.__printf_lock
                0x0000000000000300        0x2 Output/flash_fds_example_blank_pca10040 Debug/Obj/thumb_crt0.o
                0x0000000000000300                __printf_lock
 .text.__printf_unlock
                0x0000000000000302        0x2 Output/flash_fds_example_blank_pca10040 Debug/Obj/thumb_crt0.o
                0x0000000000000302                __printf_unlock
 .text.__scanf_lock
                0x0000000000000304        0x2 Output/flash_fds_example_blank_pca10040 Debug/Obj/thumb_crt0.o
                0x0000000000000304                __scanf_lock
 .text.__scanf_unlock
                0x0000000000000306        0x2 Output/flash_fds_example_blank_pca10040 Debug/Obj/thumb_crt0.o
                0x0000000000000306                __scanf_unlock
 .text.__debug_io_lock
                0x0000000000000308        0x2 Output/flash_fds_example_blank_pca10040 Debug/Obj/thumb_crt0.o
                0x0000000000000308                __debug_io_lock
 .text.__debug_io_unlock
                0x000000000000030a        0x2 Output/flash_fds_example_blank_pca10040 Debug/Obj/thumb_crt0.o
                0x000000000000030a                __debug_io_unlock
 .text.__getchar
                0x000000000000030c        0x4 Output/flash_fds_example_blank_pca10040 Debug/Obj/thumb_crt0.o
                0x000000000000030c                __getchar
 .text.__putchar
                0x0000000000000310        0x4 Output/flash_fds_example_blank_pca10040 Debug/Obj/thumb_crt0.o
                0x0000000000000310                __putchar
 .text.nrf_log_backend_put
                0x0000000000000314       0x1c Output/flash_fds_example_blank_pca10040 Debug/Obj/nrf_log_frontend.o
 .text.nrf_log_backend_panic_set
                0x0000000000000330       0x18 Output/flash_fds_example_blank_pca10040 Debug/Obj/nrf_log_frontend.o
 .text.nrf_log_backend_id_set
                0x0000000000000348       0x18 Output/flash_fds_example_blank_pca10040 Debug/Obj/nrf_log_frontend.o
 .text.nrf_log_backend_id_get
                0x0000000000000360        0xe Output/flash_fds_example_blank_pca10040 Debug/Obj/nrf_log_frontend.o
 .text.nrf_log_backend_enable
                0x000000000000036e       0x10 Output/flash_fds_example_blank_pca10040 Debug/Obj/nrf_log_frontend.o
 .text.nrf_log_backend_disable
                0x000000000000037e       0x10 Output/flash_fds_example_blank_pca10040 Debug/Obj/nrf_log_frontend.o
 .text.nrf_log_backend_is_enabled
                0x000000000000038e        0xe Output/flash_fds_example_blank_pca10040 Debug/Obj/nrf_log_frontend.o
 .text.nrf_atomic_u32_or
                0x000000000000039c       0x30 Output/flash_fds_example_blank_pca10040 Debug/Obj/nrf_log_frontend.o
 .text.nrf_atomic_u32_fetch_and
                0x00000000000003cc       0x30 Output/flash_fds_example_blank_pca10040 Debug/Obj/nrf_log_frontend.o
 .text.nrf_atomic_flag_set
                0x00000000000003fc       0x18 Output/flash_fds_example_blank_pca10040 Debug/Obj/nrf_log_frontend.o
 .text.nrf_atomic_flag_clear_fetch
                0x0000000000000414       0x18 Output/flash_fds_example_blank_pca10040 Debug/Obj/nrf_log_frontend.o
 .text.nrf_log_init
                0x000000000000042c       0xf4 Output/flash_fds_example_blank_pca10040 Debug/Obj/nrf_log_frontend.o
                0x000000000000042c                nrf_log_init
 .text.nrf_log_module_cnt_get
                0x0000000000000520       0x14 Output/flash_fds_example_blank_pca10040 Debug/Obj/nrf_log_frontend.o
                0x0000000000000520                nrf_log_module_cnt_get
 .text.module_idx_get
                0x0000000000000534       0x6c Output/flash_fds_example_blank_pca10040 Debug/Obj/nrf_log_frontend.o
 .text.nrf_log_module_name_get
                0x00000000000005a0       0x40 Output/flash_fds_example_blank_pca10040 Debug/Obj/nrf_log_frontend.o
                0x00000000000005a0                nrf_log_module_name_get
 .text.nrf_log_color_id_get
                0x00000000000005e0       0x70 Output/flash_fds_example_blank_pca10040 Debug/Obj/nrf_log_frontend.o
                0x00000000000005e0                nrf_log_color_id_get
 .text.higher_lvl_get
                0x0000000000000650       0x40 Output/flash_fds_example_blank_pca10040 Debug/Obj/nrf_log_frontend.o
 .text.nrf_log_module_filter_set
                0x0000000000000690       0x78 Output/flash_fds_example_blank_pca10040 Debug/Obj/nrf_log_frontend.o
                0x0000000000000690                nrf_log_module_filter_set
 .text.nrf_log_module_filter_get
                0x0000000000000708       0xb0 Output/flash_fds_example_blank_pca10040 Debug/Obj/nrf_log_frontend.o
                0x0000000000000708                nrf_log_module_filter_get
 .text.log_skip
                0x00000000000007b8      0x11c Output/flash_fds_example_blank_pca10040 Debug/Obj/nrf_log_frontend.o
 .text.std_header_set
                0x00000000000008d4       0xc0 Output/flash_fds_example_blank_pca10040 Debug/Obj/nrf_log_frontend.o
 .text.buf_prealloc
                0x0000000000000994       0xa8 Output/flash_fds_example_blank_pca10040 Debug/Obj/nrf_log_frontend.o
 .text.std_n    0x0000000000000a3c       0x90 Output/flash_fds_example_blank_pca10040 Debug/Obj/nrf_log_frontend.o
 .text.nrf_log_frontend_std_0
                0x0000000000000acc       0x1c Output/flash_fds_example_blank_pca10040 Debug/Obj/nrf_log_frontend.o
                0x0000000000000acc                nrf_log_frontend_std_0
 .text.nrf_log_frontend_std_1
                0x0000000000000ae8       0x22 Output/flash_fds_example_blank_pca10040 Debug/Obj/nrf_log_frontend.o
                0x0000000000000ae8                nrf_log_frontend_std_1
 .text.nrf_log_frontend_std_2
                0x0000000000000b0a       0x28 Output/flash_fds_example_blank_pca10040 Debug/Obj/nrf_log_frontend.o
                0x0000000000000b0a                nrf_log_frontend_std_2
 .text.nrf_log_frontend_std_4
                0x0000000000000b32       0x30 Output/flash_fds_example_blank_pca10040 Debug/Obj/nrf_log_frontend.o
                0x0000000000000b32                nrf_log_frontend_std_4
 *fill*         0x0000000000000b62        0x2 
 .text.buffer_is_empty
                0x0000000000000b64       0x1c Output/flash_fds_example_blank_pca10040 Debug/Obj/nrf_log_frontend.o
                0x0000000000000b64                buffer_is_empty
 .text.nrf_log_frontend_dequeue
                0x0000000000000b80      0x3c0 Output/flash_fds_example_blank_pca10040 Debug/Obj/nrf_log_frontend.o
                0x0000000000000b80                nrf_log_frontend_dequeue
 .text.backend_id_assign
                0x0000000000000f40       0x68 Output/flash_fds_example_blank_pca10040 Debug/Obj/nrf_log_frontend.o
 .text.nrf_log_backend_add
                0x0000000000000fa8       0xbc Output/flash_fds_example_blank_pca10040 Debug/Obj/nrf_log_frontend.o
                0x0000000000000fa8                nrf_log_backend_add
 .text.nrf_log_panic
                0x0000000000001064       0x3c Output/flash_fds_example_blank_pca10040 Debug/Obj/nrf_log_frontend.o
                0x0000000000001064                nrf_log_panic
 .text.nrf_cli_help_requested
                0x00000000000010a0       0x22 Output/flash_fds_example_blank_pca10040 Debug/Obj/nrf_log_frontend.o
 *fill*         0x00000000000010c2        0x2 
 .text.log_status
                0x00000000000010c4       0xfc Output/flash_fds_example_blank_pca10040 Debug/Obj/nrf_log_frontend.o
 .text.module_id_get
                0x00000000000011c0       0x5a Output/flash_fds_example_blank_pca10040 Debug/Obj/nrf_log_frontend.o
 .text.module_id_filter_set
                0x000000000000121a       0x48 Output/flash_fds_example_blank_pca10040 Debug/Obj/nrf_log_frontend.o
 *fill*         0x0000000000001262        0x2 
 .text.log_ctrl
                0x0000000000001264      0x1d8 Output/flash_fds_example_blank_pca10040 Debug/Obj/nrf_log_frontend.o
 .text.module_name_get
                0x000000000000143c       0x34 Output/flash_fds_example_blank_pca10040 Debug/Obj/nrf_log_frontend.o
 .text.severity_lvl_get
                0x0000000000001470       0x3c Output/flash_fds_example_blank_pca10040 Debug/Obj/nrf_log_frontend.o
 .text.log_halt
                0x00000000000014ac       0x1c Output/flash_fds_example_blank_pca10040 Debug/Obj/nrf_log_frontend.o
 .text.log_go   0x00000000000014c8       0x1c Output/flash_fds_example_blank_pca10040 Debug/Obj/nrf_log_frontend.o
 .text.log_cmd  0x00000000000014e4       0x54 Output/flash_fds_example_blank_pca10040 Debug/Obj/nrf_log_frontend.o
 .text.prefix_process
                0x0000000000001538       0x80 Output/flash_fds_example_blank_pca10040 Debug/Obj/nrf_log_str_formatter.o
 .text.postfix_process
                0x00000000000015b8       0x68 Output/flash_fds_example_blank_pca10040 Debug/Obj/nrf_log_str_formatter.o
 .text.nrf_log_std_entry_process
                0x0000000000001620      0x144 Output/flash_fds_example_blank_pca10040 Debug/Obj/nrf_log_str_formatter.o
                0x0000000000001620                nrf_log_std_entry_process
 .text.nrf_log_hexdump_entry_process
                0x0000000000001764       0xe8 Output/flash_fds_example_blank_pca10040 Debug/Obj/nrf_log_str_formatter.o
                0x0000000000001764                nrf_log_hexdump_entry_process
 .text.app_error_handler
                0x000000000000184c       0x30 Output/flash_fds_example_blank_pca10040 Debug/Obj/app_error.o
                0x000000000000184c                app_error_handler
 .text.app_error_save_and_stop
                0x000000000000187c       0x98 Output/flash_fds_example_blank_pca10040 Debug/Obj/app_error.o
                0x000000000000187c                app_error_save_and_stop
 .text.app_error_fault_handler
                0x0000000000001914       0xf4 Output/flash_fds_example_blank_pca10040 Debug/Obj/app_error_weak.o
                0x0000000000001914                app_error_fault_handler
 .text.NVIC_EnableIRQ
                0x0000000000001a08       0x2c Output/flash_fds_example_blank_pca10040 Debug/Obj/app_timer.o
 .text.NVIC_DisableIRQ
                0x0000000000001a34       0x30 Output/flash_fds_example_blank_pca10040 Debug/Obj/app_timer.o
 .text.NVIC_SetPendingIRQ
                0x0000000000001a64       0x30 Output/flash_fds_example_blank_pca10040 Debug/Obj/app_timer.o
 .text.NVIC_ClearPendingIRQ
                0x0000000000001a94       0x30 Output/flash_fds_example_blank_pca10040 Debug/Obj/app_timer.o
 .text.NVIC_SetPriority
                0x0000000000001ac4       0x50 Output/flash_fds_example_blank_pca10040 Debug/Obj/app_timer.o
 .text.nrf_delay_us
                0x0000000000001b14       0xa0 Output/flash_fds_example_blank_pca10040 Debug/Obj/app_timer.o
 .text.rtc1_init
                0x0000000000001bb4       0x24 Output/flash_fds_example_blank_pca10040 Debug/Obj/app_timer.o
 .text.rtc1_start
                0x0000000000001bd8       0x40 Output/flash_fds_example_blank_pca10040 Debug/Obj/app_timer.o
 .text.rtc1_stop
                0x0000000000001c18       0x50 Output/flash_fds_example_blank_pca10040 Debug/Obj/app_timer.o
 .text.rtc1_counter_get
                0x0000000000001c68       0x10 Output/flash_fds_example_blank_pca10040 Debug/Obj/app_timer.o
 .text.ticks_diff_get
                0x0000000000001c78       0x16 Output/flash_fds_example_blank_pca10040 Debug/Obj/app_timer.o
 *fill*         0x0000000000001c8e        0x2 
 .text.rtc1_compare0_set
                0x0000000000001c90       0x18 Output/flash_fds_example_blank_pca10040 Debug/Obj/app_timer.o
 .text.timer_list_insert
                0x0000000000001ca8       0xac Output/flash_fds_example_blank_pca10040 Debug/Obj/app_timer.o
 .text.timer_list_remove
                0x0000000000001d54       0xc0 Output/flash_fds_example_blank_pca10040 Debug/Obj/app_timer.o
 .text.timer_timeouts_check_sched
                0x0000000000001e14        0xc Output/flash_fds_example_blank_pca10040 Debug/Obj/app_timer.o
 .text.timer_list_handler_sched
                0x0000000000001e20        0xc Output/flash_fds_example_blank_pca10040 Debug/Obj/app_timer.o
 .text.timeout_handler_exec
                0x0000000000001e2c       0x1a Output/flash_fds_example_blank_pca10040 Debug/Obj/app_timer.o
 *fill*         0x0000000000001e46        0x2 
 .text.timer_timeouts_check
                0x0000000000001e48       0xc8 Output/flash_fds_example_blank_pca10040 Debug/Obj/app_timer.o
 .text.elapsed_ticks_acquire
                0x0000000000001f10       0x78 Output/flash_fds_example_blank_pca10040 Debug/Obj/app_timer.o
 .text.expired_timers_handler
                0x0000000000001f88       0x94 Output/flash_fds_example_blank_pca10040 Debug/Obj/app_timer.o
 .text.list_insertions_handler
                0x000000000000201c      0x1bc Output/flash_fds_example_blank_pca10040 Debug/Obj/app_timer.o
 .text.compare_reg_update
                0x00000000000021d8       0xb0 Output/flash_fds_example_blank_pca10040 Debug/Obj/app_timer.o
 .text.timer_list_handler
                0x0000000000002288       0x80 Output/flash_fds_example_blank_pca10040 Debug/Obj/app_timer.o
 .text.user_op_enque
                0x0000000000002308       0x1c Output/flash_fds_example_blank_pca10040 Debug/Obj/app_timer.o
 .text.user_op_alloc
                0x0000000000002324       0x5c Output/flash_fds_example_blank_pca10040 Debug/Obj/app_timer.o
 .text.timer_start_op_schedule
                0x0000000000002380       0x7a Output/flash_fds_example_blank_pca10040 Debug/Obj/app_timer.o
 .text.timer_stop_op_schedule
                0x00000000000023fa       0x60 Output/flash_fds_example_blank_pca10040 Debug/Obj/app_timer.o
 *fill*         0x000000000000245a        0x2 
 .text.RTC1_IRQHandler
                0x000000000000245c       0x40 Output/flash_fds_example_blank_pca10040 Debug/Obj/app_timer.o
                0x000000000000245c                RTC1_IRQHandler
 .text.SWI0_EGU0_IRQHandler
                0x000000000000249c        0xa Output/flash_fds_example_blank_pca10040 Debug/Obj/app_timer.o
                0x000000000000249c                SWI0_EGU0_IRQHandler
 *fill*         0x00000000000024a6        0x2 
 .text.app_timer_init
                0x00000000000024a8       0x68 Output/flash_fds_example_blank_pca10040 Debug/Obj/app_timer.o
                0x00000000000024a8                app_timer_init
 .text.app_timer_create
                0x0000000000002510       0x60 Output/flash_fds_example_blank_pca10040 Debug/Obj/app_timer.o
                0x0000000000002510                app_timer_create
 .text.app_timer_start
                0x0000000000002570       0x64 Output/flash_fds_example_blank_pca10040 Debug/Obj/app_timer.o
                0x0000000000002570                app_timer_start
 .text.app_timer_stop
                0x00000000000025d4       0x44 Output/flash_fds_example_blank_pca10040 Debug/Obj/app_timer.o
                0x00000000000025d4                app_timer_stop
 .text.app_util_disable_irq
                0x0000000000002618       0x14 Output/flash_fds_example_blank_pca10040 Debug/Obj/app_util_platform.o
                0x0000000000002618                app_util_disable_irq
 .text.app_util_enable_irq
                0x000000000000262c       0x1c Output/flash_fds_example_blank_pca10040 Debug/Obj/app_util_platform.o
                0x000000000000262c                app_util_enable_irq
 .text.app_util_critical_region_enter
                0x0000000000002648       0x28 Output/flash_fds_example_blank_pca10040 Debug/Obj/app_util_platform.o
                0x0000000000002648                app_util_critical_region_enter
 .text.app_util_critical_region_exit
                0x0000000000002670       0x2c Output/flash_fds_example_blank_pca10040 Debug/Obj/app_util_platform.o
                0x0000000000002670                app_util_critical_region_exit
 .text.privilege_level_get
                0x000000000000269c       0x3a Output/flash_fds_example_blank_pca10040 Debug/Obj/app_util_platform.o
                0x000000000000269c                privilege_level_get
 .text.crc16_compute
                0x00000000000026d6       0xae Output/flash_fds_example_blank_pca10040 Debug/Obj/crc16.o
                0x00000000000026d6                crc16_compute
 .text.is_word_aligned
                0x0000000000002784       0x1a Output/flash_fds_example_blank_pca10040 Debug/Obj/fds.o
 .text.nrf_atomic_u32_fetch_or
                0x000000000000279e       0x30 Output/flash_fds_example_blank_pca10040 Debug/Obj/fds.o
 .text.nrf_atomic_u32_fetch_add
                0x00000000000027ce       0x30 Output/flash_fds_example_blank_pca10040 Debug/Obj/fds.o
 .text.nrf_atomic_u32_add
                0x00000000000027fe       0x30 Output/flash_fds_example_blank_pca10040 Debug/Obj/fds.o
 .text.nrf_atomic_u32_sub
                0x000000000000282e       0x30 Output/flash_fds_example_blank_pca10040 Debug/Obj/fds.o
 .text.nrf_atomic_flag_set_fetch
                0x000000000000285e       0x18 Output/flash_fds_example_blank_pca10040 Debug/Obj/fds.o
 *fill*         0x0000000000002876        0x2 
 .text.event_send
                0x0000000000002878       0x3c Output/flash_fds_example_blank_pca10040 Debug/Obj/fds.o
 .text.event_prepare
                0x00000000000028b4       0xdc Output/flash_fds_example_blank_pca10040 Debug/Obj/fds.o
 .text.header_has_next
                0x0000000000002990       0x2e Output/flash_fds_example_blank_pca10040 Debug/Obj/fds.o
 .text.header_jump
                0x00000000000029be       0x16 Output/flash_fds_example_blank_pca10040 Debug/Obj/fds.o
 .text.header_check
                0x00000000000029d4       0x3c Output/flash_fds_example_blank_pca10040 Debug/Obj/fds.o
 .text.address_is_valid
                0x0000000000002a10       0x48 Output/flash_fds_example_blank_pca10040 Debug/Obj/fds.o
 .text.page_identify
                0x0000000000002a58       0x48 Output/flash_fds_example_blank_pca10040 Debug/Obj/fds.o
 .text.page_is_erased
                0x0000000000002aa0       0x34 Output/flash_fds_example_blank_pca10040 Debug/Obj/fds.o
 .text.page_has_space
                0x0000000000002ad4       0x68 Output/flash_fds_example_blank_pca10040 Debug/Obj/fds.o
 .text.page_from_record
                0x0000000000002b3c       0x78 Output/flash_fds_example_blank_pca10040 Debug/Obj/fds.o
 .text.page_scan
                0x0000000000002bb4       0xa4 Output/flash_fds_example_blank_pca10040 Debug/Obj/fds.o
 .text.page_offsets_update
                0x0000000000002c58       0x38 Output/flash_fds_example_blank_pca10040 Debug/Obj/fds.o
 .text.page_tag_write_swap
                0x0000000000002c90       0x30 Output/flash_fds_example_blank_pca10040 Debug/Obj/fds.o
 .text.page_tag_write_data
                0x0000000000002cc0       0x28 Output/flash_fds_example_blank_pca10040 Debug/Obj/fds.o
 .text.write_space_reserve
                0x0000000000002ce8       0xd0 Output/flash_fds_example_blank_pca10040 Debug/Obj/fds.o
 .text.write_space_free
                0x0000000000002db8       0x50 Output/flash_fds_example_blank_pca10040 Debug/Obj/fds.o
 .text.record_id_new
                0x0000000000002e08       0x14 Output/flash_fds_example_blank_pca10040 Debug/Obj/fds.o
 .text.record_find_next
                0x0000000000002e1c       0xa4 Output/flash_fds_example_blank_pca10040 Debug/Obj/fds.o
 .text.record_find_by_desc
                0x0000000000002ec0       0xb4 Output/flash_fds_example_blank_pca10040 Debug/Obj/fds.o
 .text.record_find
                0x0000000000002f74       0xdc Output/flash_fds_example_blank_pca10040 Debug/Obj/fds.o
 .text.records_stat
                0x0000000000003050       0xe0 Output/flash_fds_example_blank_pca10040 Debug/Obj/fds.o
 .text.queue_buf_get
                0x0000000000003130       0x2c Output/flash_fds_example_blank_pca10040 Debug/Obj/fds.o
 .text.queue_buf_store
                0x000000000000315c       0x1c Output/flash_fds_example_blank_pca10040 Debug/Obj/fds.o
 .text.queue_load
                0x0000000000003178       0x20 Output/flash_fds_example_blank_pca10040 Debug/Obj/fds.o
 .text.queue_free
                0x0000000000003198       0x1c Output/flash_fds_example_blank_pca10040 Debug/Obj/fds.o
 .text.queue_has_next
                0x00000000000031b4       0x34 Output/flash_fds_example_blank_pca10040 Debug/Obj/fds.o
 .text.pages_init
                0x00000000000031e8      0x23c Output/flash_fds_example_blank_pca10040 Debug/Obj/fds.o
 .text.record_header_write_begin
                0x0000000000003424       0x3c Output/flash_fds_example_blank_pca10040 Debug/Obj/fds.o
 .text.record_header_write_id
                0x0000000000003460       0x4c Output/flash_fds_example_blank_pca10040 Debug/Obj/fds.o
 .text.record_header_write_finalize
                0x00000000000034ac       0x4c Output/flash_fds_example_blank_pca10040 Debug/Obj/fds.o
 .text.record_header_flag_dirty
                0x00000000000034f8       0x54 Output/flash_fds_example_blank_pca10040 Debug/Obj/fds.o
 .text.record_find_and_delete
                0x000000000000354c       0x5e Output/flash_fds_example_blank_pca10040 Debug/Obj/fds.o
 *fill*         0x00000000000035aa        0x2 
 .text.file_find_and_delete
                0x00000000000035ac       0x48 Output/flash_fds_example_blank_pca10040 Debug/Obj/fds.o
 .text.record_write_data
                0x00000000000035f4       0x48 Output/flash_fds_example_blank_pca10040 Debug/Obj/fds.o
 .text.crc_verify_success
                0x000000000000363c       0x5a Output/flash_fds_example_blank_pca10040 Debug/Obj/fds.o
 *fill*         0x0000000000003696        0x2 
 .text.gc_init  0x0000000000003698       0x68 Output/flash_fds_example_blank_pca10040 Debug/Obj/fds.o
 .text.gc_page_next
                0x0000000000003700       0x90 Output/flash_fds_example_blank_pca10040 Debug/Obj/fds.o
 .text.gc_swap_erase
                0x0000000000003790       0x30 Output/flash_fds_example_blank_pca10040 Debug/Obj/fds.o
 .text.gc_page_erase
                0x00000000000037c0       0x6c Output/flash_fds_example_blank_pca10040 Debug/Obj/fds.o
 .text.gc_record_copy
                0x000000000000382c       0x58 Output/flash_fds_example_blank_pca10040 Debug/Obj/fds.o
 .text.gc_record_find_next
                0x0000000000003884       0x38 Output/flash_fds_example_blank_pca10040 Debug/Obj/fds.o
 .text.gc_swap_promote
                0x00000000000038bc       0x34 Output/flash_fds_example_blank_pca10040 Debug/Obj/fds.o
 .text.gc_tag_new_swap
                0x00000000000038f0       0x1c Output/flash_fds_example_blank_pca10040 Debug/Obj/fds.o
 .text.gc_next_page
                0x000000000000390c       0x40 Output/flash_fds_example_blank_pca10040 Debug/Obj/fds.o
 .text.gc_update_swap_offset
                0x000000000000394c       0x30 Output/flash_fds_example_blank_pca10040 Debug/Obj/fds.o
 .text.gc_swap_pages
                0x000000000000397c       0x70 Output/flash_fds_example_blank_pca10040 Debug/Obj/fds.o
 .text.gc_state_advance
                0x00000000000039ec       0x70 Output/flash_fds_example_blank_pca10040 Debug/Obj/fds.o
 .text.init_execute
                0x0000000000003a5c      0x1b0 Output/flash_fds_example_blank_pca10040 Debug/Obj/fds.o
 .text.write_execute
                0x0000000000003c0c      0x114 Output/flash_fds_example_blank_pca10040 Debug/Obj/fds.o
 .text.delete_execute
                0x0000000000003d20       0x62 Output/flash_fds_example_blank_pca10040 Debug/Obj/fds.o
 *fill*         0x0000000000003d82        0x2 
 .text.gc_execute
                0x0000000000003d84       0x94 Output/flash_fds_example_blank_pca10040 Debug/Obj/fds.o
 .text.queue_process
                0x0000000000003e18      0x110 Output/flash_fds_example_blank_pca10040 Debug/Obj/fds.o
 .text.queue_start
                0x0000000000003f28       0x20 Output/flash_fds_example_blank_pca10040 Debug/Obj/fds.o
 .text.fs_event_handler
                0x0000000000003f48       0x18 Output/flash_fds_example_blank_pca10040 Debug/Obj/fds.o
 .text.write_enqueue
                0x0000000000003f60      0x1a8 Output/flash_fds_example_blank_pca10040 Debug/Obj/fds.o
 .text.fds_register
                0x0000000000004108       0x40 Output/flash_fds_example_blank_pca10040 Debug/Obj/fds.o
                0x0000000000004108                fds_register
 .text.flash_end_addr
                0x0000000000004148       0x34 Output/flash_fds_example_blank_pca10040 Debug/Obj/fds.o
 .text.flash_bounds_set
                0x000000000000417c       0x2c Output/flash_fds_example_blank_pca10040 Debug/Obj/fds.o
 .text.flash_subsystem_init
                0x00000000000041a8       0x20 Output/flash_fds_example_blank_pca10040 Debug/Obj/fds.o
 .text.queue_init
                0x00000000000041c8       0x1c Output/flash_fds_example_blank_pca10040 Debug/Obj/fds.o
 .text.fds_init
                0x00000000000041e4      0x11c Output/flash_fds_example_blank_pca10040 Debug/Obj/fds.o
                0x00000000000041e4                fds_init
 .text.fds_record_open
                0x0000000000004300       0x9c Output/flash_fds_example_blank_pca10040 Debug/Obj/fds.o
                0x0000000000004300                fds_record_open
 .text.fds_record_close
                0x000000000000439c       0x90 Output/flash_fds_example_blank_pca10040 Debug/Obj/fds.o
                0x000000000000439c                fds_record_close
 .text.fds_record_write
                0x000000000000442c       0x1e Output/flash_fds_example_blank_pca10040 Debug/Obj/fds.o
                0x000000000000442c                fds_record_write
 .text.fds_record_update
                0x000000000000444a       0x28 Output/flash_fds_example_blank_pca10040 Debug/Obj/fds.o
                0x000000000000444a                fds_record_update
 *fill*         0x0000000000004472        0x2 
 .text.fds_record_delete
                0x0000000000004474       0x68 Output/flash_fds_example_blank_pca10040 Debug/Obj/fds.o
                0x0000000000004474                fds_record_delete
 .text.fds_gc   0x00000000000044dc       0x60 Output/flash_fds_example_blank_pca10040 Debug/Obj/fds.o
                0x00000000000044dc                fds_gc
 .text.fds_record_iterate
                0x000000000000453c       0x1e Output/flash_fds_example_blank_pca10040 Debug/Obj/fds.o
                0x000000000000453c                fds_record_iterate
 .text.fds_record_find
                0x000000000000455a       0x2c Output/flash_fds_example_blank_pca10040 Debug/Obj/fds.o
                0x000000000000455a                fds_record_find
 *fill*         0x0000000000004586        0x2 
 .text.fds_stat
                0x0000000000004588      0x158 Output/flash_fds_example_blank_pca10040 Debug/Obj/fds.o
                0x0000000000004588                fds_stat
 .text.assert_nrf_callback
                0x00000000000046e0       0x2e Output/flash_fds_example_blank_pca10040 Debug/Obj/nrf_assert.o
                0x00000000000046e0                assert_nrf_callback
 .text.nrf_atfifo_wspace_req
                0x000000000000470e       0x54 Output/flash_fds_example_blank_pca10040 Debug/Obj/nrf_atfifo.o
 .text.nrf_atfifo_wspace_close
                0x0000000000004762       0x20 Output/flash_fds_example_blank_pca10040 Debug/Obj/nrf_atfifo.o
 .text.nrf_atfifo_rspace_req
                0x0000000000004782       0x56 Output/flash_fds_example_blank_pca10040 Debug/Obj/nrf_atfifo.o
 .text.nrf_atfifo_rspace_close
                0x00000000000047d8       0x20 Output/flash_fds_example_blank_pca10040 Debug/Obj/nrf_atfifo.o
 .text.nrf_atfifo_init
                0x00000000000047f8       0x66 Output/flash_fds_example_blank_pca10040 Debug/Obj/nrf_atfifo.o
                0x00000000000047f8                nrf_atfifo_init
 .text.nrf_atfifo_item_alloc
                0x000000000000485e       0x2e Output/flash_fds_example_blank_pca10040 Debug/Obj/nrf_atfifo.o
                0x000000000000485e                nrf_atfifo_item_alloc
 .text.nrf_atfifo_item_put
                0x000000000000488c       0x28 Output/flash_fds_example_blank_pca10040 Debug/Obj/nrf_atfifo.o
                0x000000000000488c                nrf_atfifo_item_put
 .text.nrf_atfifo_item_get
                0x00000000000048b4       0x2e Output/flash_fds_example_blank_pca10040 Debug/Obj/nrf_atfifo.o
                0x00000000000048b4                nrf_atfifo_item_get
 .text.nrf_atfifo_item_free
                0x00000000000048e2       0x28 Output/flash_fds_example_blank_pca10040 Debug/Obj/nrf_atfifo.o
                0x00000000000048e2                nrf_atfifo_item_free
 *fill*         0x000000000000490a        0x2 
 .text.nrf_balloc_idx2block
                0x000000000000490c       0x38 Output/flash_fds_example_blank_pca10040 Debug/Obj/nrf_balloc.o
 .text.nrf_balloc_block2idx
                0x0000000000004944       0x34 Output/flash_fds_example_blank_pca10040 Debug/Obj/nrf_balloc.o
 .text.nrf_balloc_init
                0x0000000000004978       0xb0 Output/flash_fds_example_blank_pca10040 Debug/Obj/nrf_balloc.o
                0x0000000000004978                nrf_balloc_init
 .text.nrf_balloc_alloc
                0x0000000000004a28       0x84 Output/flash_fds_example_blank_pca10040 Debug/Obj/nrf_balloc.o
                0x0000000000004a28                nrf_balloc_alloc
 .text.nrf_balloc_free
                0x0000000000004aac       0x58 Output/flash_fds_example_blank_pca10040 Debug/Obj/nrf_balloc.o
                0x0000000000004aac                nrf_balloc_free
 .text.nrf_log_backend_enable
                0x0000000000004b04       0x10 Output/flash_fds_example_blank_pca10040 Debug/Obj/nrf_cli.o
 .text.nrf_cli_help_requested
                0x0000000000004b14       0x22 Output/flash_fds_example_blank_pca10040 Debug/Obj/nrf_cli.o
 *fill*         0x0000000000004b36        0x2 
 .text.nrf_delay_us
                0x0000000000004b38       0xa0 Output/flash_fds_example_blank_pca10040 Debug/Obj/nrf_cli.o
 .text.cli_strlen
                0x0000000000004bd8       0x20 Output/flash_fds_example_blank_pca10040 Debug/Obj/nrf_cli.o
 .text.cursor_in_empty_line
                0x0000000000004bf8       0x3c Output/flash_fds_example_blank_pca10040 Debug/Obj/nrf_cli.o
 .text.full_line_cmd
                0x0000000000004c34       0x3c Output/flash_fds_example_blank_pca10040 Debug/Obj/nrf_cli.o
 .text.cli_write
                0x0000000000004c70       0xcc Output/flash_fds_example_blank_pca10040 Debug/Obj/nrf_cli.o
 .text.cli_putc
                0x0000000000004d3c       0x28 Output/flash_fds_example_blank_pca10040 Debug/Obj/nrf_cli.o
 .text.cli_read
                0x0000000000004d64       0x50 Output/flash_fds_example_blank_pca10040 Debug/Obj/nrf_cli.o
 .text.cmd_get  0x0000000000004db4      0x10c Output/flash_fds_example_blank_pca10040 Debug/Obj/nrf_cli.o
 .text.multiline_console_data_check
                0x0000000000004ec0       0xb4 Output/flash_fds_example_blank_pca10040 Debug/Obj/nrf_cli.o
 .text.cli_clear_eos
                0x0000000000004f74       0x4c Output/flash_fds_example_blank_pca10040 Debug/Obj/nrf_cli.o
 .text.cli_cursor_save
                0x0000000000004fc0       0x4c Output/flash_fds_example_blank_pca10040 Debug/Obj/nrf_cli.o
 .text.cli_cursor_restore
                0x000000000000500c       0x4c Output/flash_fds_example_blank_pca10040 Debug/Obj/nrf_cli.o
 .text.cursor_next_line_move
                0x0000000000005058       0x4c Output/flash_fds_example_blank_pca10040 Debug/Obj/nrf_cli.o
 .text.cursor_left_move
                0x00000000000050a4       0x30 Output/flash_fds_example_blank_pca10040 Debug/Obj/nrf_cli.o
 .text.cursor_right_move
                0x00000000000050d4       0x30 Output/flash_fds_example_blank_pca10040 Debug/Obj/nrf_cli.o
 .text.cursor_up_move
                0x0000000000005104       0x30 Output/flash_fds_example_blank_pca10040 Debug/Obj/nrf_cli.o
 .text.cursor_down_move
                0x0000000000005134       0x30 Output/flash_fds_example_blank_pca10040 Debug/Obj/nrf_cli.o
 .text.cursor_position_increment
                0x0000000000005164       0x60 Output/flash_fds_example_blank_pca10040 Debug/Obj/nrf_cli.o
 .text.cursor_position_synchronize
                0x00000000000051c4       0xb0 Output/flash_fds_example_blank_pca10040 Debug/Obj/nrf_cli.o
 .text.cursor_home_position_move
                0x0000000000005274       0x8e Output/flash_fds_example_blank_pca10040 Debug/Obj/nrf_cli.o
 .text.cursor_end_position_move
                0x0000000000005302       0x92 Output/flash_fds_example_blank_pca10040 Debug/Obj/nrf_cli.o
 .text.cursor_position_get
                0x0000000000005394      0x218 Output/flash_fds_example_blank_pca10040 Debug/Obj/nrf_cli.o
 .text.terminal_size_get
                0x00000000000055ac       0xc0 Output/flash_fds_example_blank_pca10040 Debug/Obj/nrf_cli.o
 .text.vt100_color_set
                0x000000000000566c       0x9c Output/flash_fds_example_blank_pca10040 Debug/Obj/nrf_cli.o
 .text.vt100_bgcolor_set
                0x0000000000005708       0x74 Output/flash_fds_example_blank_pca10040 Debug/Obj/nrf_cli.o
 .text.vt100_colors_store
                0x000000000000577c       0x20 Output/flash_fds_example_blank_pca10040 Debug/Obj/nrf_cli.o
 .text.vt100_colors_restore
                0x000000000000579c       0x28 Output/flash_fds_example_blank_pca10040 Debug/Obj/nrf_cli.o
 .text.left_arrow_handle
                0x00000000000057c4       0x6e Output/flash_fds_example_blank_pca10040 Debug/Obj/nrf_cli.o
 .text.right_arrow_handle
                0x0000000000005832       0x72 Output/flash_fds_example_blank_pca10040 Debug/Obj/nrf_cli.o
 .text.char_insert_echo_off
                0x00000000000058a4       0x52 Output/flash_fds_example_blank_pca10040 Debug/Obj/nrf_cli.o
 *fill*         0x00000000000058f6        0x2 
 .text.char_insert
                0x00000000000058f8      0x218 Output/flash_fds_example_blank_pca10040 Debug/Obj/nrf_cli.o
 .text.char_backspace
                0x0000000000005b10      0x124 Output/flash_fds_example_blank_pca10040 Debug/Obj/nrf_cli.o
 .text.char_delete
                0x0000000000005c34      0x120 Output/flash_fds_example_blank_pca10040 Debug/Obj/nrf_cli.o
 .text.make_argv
                0x0000000000005d54      0x330 Output/flash_fds_example_blank_pca10040 Debug/Obj/nrf_cli.o
 .text.cli_state_set
                0x0000000000006084       0x50 Output/flash_fds_example_blank_pca10040 Debug/Obj/nrf_cli.o
 .text.history_mode_exit
                0x00000000000060d4       0x14 Output/flash_fds_example_blank_pca10040 Debug/Obj/nrf_cli.o
 .text.history_handle
                0x00000000000060e8      0x210 Output/flash_fds_example_blank_pca10040 Debug/Obj/nrf_cli.o
 .text.history_list_element_add
                0x00000000000062f8       0xc8 Output/flash_fds_example_blank_pca10040 Debug/Obj/nrf_cli.o
 .text.history_list_element_oldest_remove
                0x00000000000063c0       0x9a Output/flash_fds_example_blank_pca10040 Debug/Obj/nrf_cli.o
 .text.history_save
                0x000000000000645a       0xe8 Output/flash_fds_example_blank_pca10040 Debug/Obj/nrf_cli.o
 .text.str_similarity_check
                0x0000000000006542       0x66 Output/flash_fds_example_blank_pca10040 Debug/Obj/nrf_cli.o
 .text.completion_insert
                0x00000000000065a8      0x11c Output/flash_fds_example_blank_pca10040 Debug/Obj/nrf_cli.o
 .text.option_print
                0x00000000000066c4       0xcc Output/flash_fds_example_blank_pca10040 Debug/Obj/nrf_cli.o
 .text.cli_tab_handle
                0x0000000000006790      0x40c Output/flash_fds_example_blank_pca10040 Debug/Obj/nrf_cli.o
 .text.ascii_filter
                0x0000000000006b9c       0x1c Output/flash_fds_example_blank_pca10040 Debug/Obj/nrf_cli.o
 .text.cli_state_collect
                0x0000000000006bb8      0x238 Output/flash_fds_example_blank_pca10040 Debug/Obj/nrf_cli.o
 .text.cmd_trim
                0x0000000000006df0      0x13c Output/flash_fds_example_blank_pca10040 Debug/Obj/nrf_cli.o
 .text.cli_execute
                0x0000000000006f2c      0x2a4 Output/flash_fds_example_blank_pca10040 Debug/Obj/nrf_cli.o
 .text.string_cmp
                0x00000000000071d0       0x50 Output/flash_fds_example_blank_pca10040 Debug/Obj/nrf_cli.o
 .text.cli_transport_evt_handler
                0x0000000000007220       0x40 Output/flash_fds_example_blank_pca10040 Debug/Obj/nrf_cli.o
 .text.nrf_cli_instance_init
                0x0000000000007260      0x1ac Output/flash_fds_example_blank_pca10040 Debug/Obj/nrf_cli.o
 .text.nrf_cli_init
                0x000000000000740c       0x7c Output/flash_fds_example_blank_pca10040 Debug/Obj/nrf_cli.o
                0x000000000000740c                nrf_cli_init
 .text.nrf_cli_start
                0x0000000000007488       0x98 Output/flash_fds_example_blank_pca10040 Debug/Obj/nrf_cli.o
                0x0000000000007488                nrf_cli_start
 .text.nrf_cli_process
                0x0000000000007520       0xb4 Output/flash_fds_example_blank_pca10040 Debug/Obj/nrf_cli.o
                0x0000000000007520                nrf_cli_process
 .text.nrf_cli_print_stream
                0x00000000000075d4       0x1e Output/flash_fds_example_blank_pca10040 Debug/Obj/nrf_cli.o
                0x00000000000075d4                nrf_cli_print_stream
 *fill*         0x00000000000075f2        0x2 
 .text.nrf_cli_fprintf
                0x00000000000075f4       0xc8 Output/flash_fds_example_blank_pca10040 Debug/Obj/nrf_cli.o
                0x00000000000075f4                nrf_cli_fprintf
 .text.format_offset_string_print
                0x00000000000076bc      0x196 Output/flash_fds_example_blank_pca10040 Debug/Obj/nrf_cli.o
 *fill*         0x0000000000007852        0x2 
 .text.nrf_cli_help_print
                0x0000000000007854      0x4c0 Output/flash_fds_example_blank_pca10040 Debug/Obj/nrf_cli.o
                0x0000000000007854                nrf_cli_help_print
 .text.cli_log_entry_process
                0x0000000000007d14      0x1f4 Output/flash_fds_example_blank_pca10040 Debug/Obj/nrf_cli.o
 .text.nrf_log_backend_cli_put
                0x0000000000007f08       0x88 Output/flash_fds_example_blank_pca10040 Debug/Obj/nrf_cli.o
 .text.nrf_log_backend_cli_flush
                0x0000000000007f90        0xa Output/flash_fds_example_blank_pca10040 Debug/Obj/nrf_cli.o
 .text.nrf_log_backend_cli_panic_set
                0x0000000000007f9a       0x42 Output/flash_fds_example_blank_pca10040 Debug/Obj/nrf_cli.o
 .text.nrf_cli_build_in_cmd_common_executed
                0x0000000000007fdc       0x58 Output/flash_fds_example_blank_pca10040 Debug/Obj/nrf_cli.o
 .text.nrf_cli_cmd_clear
                0x0000000000008034       0xd0 Output/flash_fds_example_blank_pca10040 Debug/Obj/nrf_cli.o
 .text.nrf_cli_cmd_colors_off
                0x0000000000008104       0x40 Output/flash_fds_example_blank_pca10040 Debug/Obj/nrf_cli.o
 .text.nrf_cli_cmd_colors_on
                0x0000000000008144       0x40 Output/flash_fds_example_blank_pca10040 Debug/Obj/nrf_cli.o
 .text.nrf_cli_cmd_colors
                0x0000000000008184       0x9c Output/flash_fds_example_blank_pca10040 Debug/Obj/nrf_cli.o
 .text.nrf_cli_cmd_echo
                0x0000000000008220       0x8c Output/flash_fds_example_blank_pca10040 Debug/Obj/nrf_cli.o
 .text.nrf_cli_cmd_echo_off
                0x00000000000082ac       0x40 Output/flash_fds_example_blank_pca10040 Debug/Obj/nrf_cli.o
 .text.nrf_cli_cmd_echo_on
                0x00000000000082ec       0x40 Output/flash_fds_example_blank_pca10040 Debug/Obj/nrf_cli.o
 .text.nrf_cli_cmd_history
                0x000000000000832c       0xd0 Output/flash_fds_example_blank_pca10040 Debug/Obj/nrf_cli.o
 .text.nrf_cli_cmd_cli_stats
                0x00000000000083fc       0x64 Output/flash_fds_example_blank_pca10040 Debug/Obj/nrf_cli.o
                0x00000000000083fc                nrf_cli_cmd_cli_stats
 .text.nrf_cli_cmd_cli_stats_get
                0x0000000000008460       0x8c Output/flash_fds_example_blank_pca10040 Debug/Obj/nrf_cli.o
                0x0000000000008460                nrf_cli_cmd_cli_stats_get
 .text.nrf_cli_cmd_cli_stats_reset
                0x00000000000084ec       0x46 Output/flash_fds_example_blank_pca10040 Debug/Obj/nrf_cli.o
                0x00000000000084ec                nrf_cli_cmd_cli_stats_reset
 *fill*         0x0000000000008532        0x2 
 .text.nrf_cli_cmd_resize_default
                0x0000000000008534       0x7c Output/flash_fds_example_blank_pca10040 Debug/Obj/nrf_cli.o
 .text.nrf_cli_cmd_resize
                0x00000000000085b0       0xd0 Output/flash_fds_example_blank_pca10040 Debug/Obj/nrf_cli.o
 .text.rx_try   0x0000000000008680       0x70 Output/flash_fds_example_blank_pca10040 Debug/Obj/nrf_cli_uart.o
 .text.uart_event_handler
                0x00000000000086f0      0x148 Output/flash_fds_example_blank_pca10040 Debug/Obj/nrf_cli_uart.o
 .text.timer_handler
                0x0000000000008838       0x1c Output/flash_fds_example_blank_pca10040 Debug/Obj/nrf_cli_uart.o
 .text.cli_uart_init
                0x0000000000008854       0x88 Output/flash_fds_example_blank_pca10040 Debug/Obj/nrf_cli_uart.o
 .text.cli_uart_uninit
                0x00000000000088dc       0x2a Output/flash_fds_example_blank_pca10040 Debug/Obj/nrf_cli_uart.o
 *fill*         0x0000000000008906        0x2 
 .text.cli_uart_enable
                0x0000000000008908       0xc8 Output/flash_fds_example_blank_pca10040 Debug/Obj/nrf_cli_uart.o
 .text.cli_uart_read
                0x00000000000089d0       0x44 Output/flash_fds_example_blank_pca10040 Debug/Obj/nrf_cli_uart.o
 .text.cli_uart_write
                0x0000000000008a14       0xac Output/flash_fds_example_blank_pca10040 Debug/Obj/nrf_cli_uart.o
 .text.nrf_fprintf_buffer_flush
                0x0000000000008ac0       0x44 Output/flash_fds_example_blank_pca10040 Debug/Obj/nrf_fprintf.o
                0x0000000000008ac0                nrf_fprintf_buffer_flush
 .text.nrf_fprintf
                0x0000000000008b04       0x74 Output/flash_fds_example_blank_pca10040 Debug/Obj/nrf_fprintf.o
                0x0000000000008b04                nrf_fprintf
 .text.buffer_add
                0x0000000000008b78       0x3c Output/flash_fds_example_blank_pca10040 Debug/Obj/nrf_fprintf_format.o
 .text.string_print
                0x0000000000008bb4       0xc2 Output/flash_fds_example_blank_pca10040 Debug/Obj/nrf_fprintf_format.o
 *fill*         0x0000000000008c76        0x2 
 .text.unsigned_print
                0x0000000000008c78      0x130 Output/flash_fds_example_blank_pca10040 Debug/Obj/nrf_fprintf_format.o
 .text.int_print
                0x0000000000008da8      0x11c Output/flash_fds_example_blank_pca10040 Debug/Obj/nrf_fprintf_format.o
 .text.nrf_fprintf_fmt
                0x0000000000008ec4      0x43c Output/flash_fds_example_blank_pca10040 Debug/Obj/nrf_fprintf_format.o
                0x0000000000008ec4                nrf_fprintf_fmt
 .text.nrf_fstorage_init
                0x0000000000009300       0x36 Output/flash_fds_example_blank_pca10040 Debug/Obj/nrf_fstorage.o
                0x0000000000009300                nrf_fstorage_init
 .text.nrf_fstorage_write
                0x0000000000009336       0xa4 Output/flash_fds_example_blank_pca10040 Debug/Obj/nrf_fstorage.o
                0x0000000000009336                nrf_fstorage_write
 .text.nrf_fstorage_erase
                0x00000000000093da       0x7a Output/flash_fds_example_blank_pca10040 Debug/Obj/nrf_fstorage.o
                0x00000000000093da                nrf_fstorage_erase
 .text.addr_within_bounds
                0x0000000000009454       0x34 Output/flash_fds_example_blank_pca10040 Debug/Obj/nrf_fstorage.o
 .text.addr_is_aligned32
                0x0000000000009488       0x1a Output/flash_fds_example_blank_pca10040 Debug/Obj/nrf_fstorage.o
 .text.nrf_atomic_u32_fetch_or
                0x00000000000094a2       0x30 Output/flash_fds_example_blank_pca10040 Debug/Obj/nrf_fstorage_nvmc.o
 .text.nrf_atomic_u32_and
                0x00000000000094d2       0x30 Output/flash_fds_example_blank_pca10040 Debug/Obj/nrf_fstorage_nvmc.o
 .text.nrf_atomic_flag_set_fetch
                0x0000000000009502       0x18 Output/flash_fds_example_blank_pca10040 Debug/Obj/nrf_fstorage_nvmc.o
 .text.nrf_atomic_flag_clear
                0x000000000000951a       0x18 Output/flash_fds_example_blank_pca10040 Debug/Obj/nrf_fstorage_nvmc.o
 .text.event_send
                0x0000000000009532       0x44 Output/flash_fds_example_blank_pca10040 Debug/Obj/nrf_fstorage_nvmc.o
 *fill*         0x0000000000009576        0x2 
 .text.init     0x0000000000009578       0x18 Output/flash_fds_example_blank_pca10040 Debug/Obj/nrf_fstorage_nvmc.o
 .text.uninit   0x0000000000009590       0x1c Output/flash_fds_example_blank_pca10040 Debug/Obj/nrf_fstorage_nvmc.o
 .text.read     0x00000000000095ac       0x22 Output/flash_fds_example_blank_pca10040 Debug/Obj/nrf_fstorage_nvmc.o
 *fill*         0x00000000000095ce        0x2 
 .text.write    0x00000000000095d0       0x54 Output/flash_fds_example_blank_pca10040 Debug/Obj/nrf_fstorage_nvmc.o
 .text.erase    0x0000000000009624       0x68 Output/flash_fds_example_blank_pca10040 Debug/Obj/nrf_fstorage_nvmc.o
 .text.rmap     0x000000000000968c        0xe Output/flash_fds_example_blank_pca10040 Debug/Obj/nrf_fstorage_nvmc.o
 .text.wmap     0x000000000000969a        0xe Output/flash_fds_example_blank_pca10040 Debug/Obj/nrf_fstorage_nvmc.o
 .text.is_busy  0x00000000000096a8       0x1c Output/flash_fds_example_blank_pca10040 Debug/Obj/nrf_fstorage_nvmc.o
 .text.nrf_atomic_u32_add
                0x00000000000096c4       0x30 Output/flash_fds_example_blank_pca10040 Debug/Obj/nrf_memobj.o
 .text.nrf_atomic_u32_sub
                0x00000000000096f4       0x30 Output/flash_fds_example_blank_pca10040 Debug/Obj/nrf_memobj.o
 .text.nrf_memobj_pool_init
                0x0000000000009724       0x16 Output/flash_fds_example_blank_pca10040 Debug/Obj/nrf_memobj.o
                0x0000000000009724                nrf_memobj_pool_init
 .text.nrf_memobj_alloc
                0x000000000000973a       0xae Output/flash_fds_example_blank_pca10040 Debug/Obj/nrf_memobj.o
                0x000000000000973a                nrf_memobj_alloc
 .text.nrf_memobj_free
                0x00000000000097e8       0x72 Output/flash_fds_example_blank_pca10040 Debug/Obj/nrf_memobj.o
                0x00000000000097e8                nrf_memobj_free
 .text.nrf_memobj_get
                0x000000000000985a       0x1e Output/flash_fds_example_blank_pca10040 Debug/Obj/nrf_memobj.o
                0x000000000000985a                nrf_memobj_get
 .text.nrf_memobj_put
                0x0000000000009878       0x34 Output/flash_fds_example_blank_pca10040 Debug/Obj/nrf_memobj.o
                0x0000000000009878                nrf_memobj_put
 .text.memobj_op
                0x00000000000098ac      0x100 Output/flash_fds_example_blank_pca10040 Debug/Obj/nrf_memobj.o
 .text.nrf_memobj_write
                0x00000000000099ac       0x24 Output/flash_fds_example_blank_pca10040 Debug/Obj/nrf_memobj.o
                0x00000000000099ac                nrf_memobj_write
 .text.nrf_memobj_read
                0x00000000000099d0       0x24 Output/flash_fds_example_blank_pca10040 Debug/Obj/nrf_memobj.o
                0x00000000000099d0                nrf_memobj_read
 .text.nrf_pwr_mgmt_feed
                0x00000000000099f4        0x4 Output/flash_fds_example_blank_pca10040 Debug/Obj/nrf_pwr_mgmt.o
                0x00000000000099f4                nrf_pwr_mgmt_feed
 .text.nrf_queue_next_idx
                0x00000000000099f8       0x34 Output/flash_fds_example_blank_pca10040 Debug/Obj/nrf_queue.o
 .text.queue_utilization_get
                0x0000000000009a2c       0x38 Output/flash_fds_example_blank_pca10040 Debug/Obj/nrf_queue.o
 .text.nrf_queue_is_full
                0x0000000000009a64       0x48 Output/flash_fds_example_blank_pca10040 Debug/Obj/nrf_queue.o
                0x0000000000009a64                nrf_queue_is_full
 .text.nrf_queue_push
                0x0000000000009aac      0x160 Output/flash_fds_example_blank_pca10040 Debug/Obj/nrf_queue.o
                0x0000000000009aac                nrf_queue_push
 .text.nrf_queue_generic_pop
                0x0000000000009c0c      0x128 Output/flash_fds_example_blank_pca10040 Debug/Obj/nrf_queue.o
                0x0000000000009c0c                nrf_queue_generic_pop
 .text.nrf_queue_is_empty
                0x0000000000009d34       0x40 Output/flash_fds_example_blank_pca10040 Debug/Obj/nrf_queue.o
                0x0000000000009d34                nrf_queue_is_empty
 .text.nrf_queue_max_utilization_get
                0x0000000000009d74       0x28 Output/flash_fds_example_blank_pca10040 Debug/Obj/nrf_queue.o
                0x0000000000009d74                nrf_queue_max_utilization_get
 .text.nrf_queue_max_utilization_reset
                0x0000000000009d9c       0x2c Output/flash_fds_example_blank_pca10040 Debug/Obj/nrf_queue.o
                0x0000000000009d9c                nrf_queue_max_utilization_reset
 .text.nrf_atomic_u32_fetch_or
                0x0000000000009dc8       0x30 Output/flash_fds_example_blank_pca10040 Debug/Obj/nrf_ringbuf.o
 .text.nrf_atomic_u32_fetch_and
                0x0000000000009df8       0x30 Output/flash_fds_example_blank_pca10040 Debug/Obj/nrf_ringbuf.o
 .text.nrf_atomic_u32_and
                0x0000000000009e28       0x30 Output/flash_fds_example_blank_pca10040 Debug/Obj/nrf_ringbuf.o
 .text.nrf_atomic_flag_set_fetch
                0x0000000000009e58       0x18 Output/flash_fds_example_blank_pca10040 Debug/Obj/nrf_ringbuf.o
 .text.nrf_atomic_flag_clear_fetch
                0x0000000000009e70       0x18 Output/flash_fds_example_blank_pca10040 Debug/Obj/nrf_ringbuf.o
 .text.nrf_atomic_flag_clear
                0x0000000000009e88       0x18 Output/flash_fds_example_blank_pca10040 Debug/Obj/nrf_ringbuf.o
 .text.nrf_ringbuf_init
                0x0000000000009ea0       0x3a Output/flash_fds_example_blank_pca10040 Debug/Obj/nrf_ringbuf.o
                0x0000000000009ea0                nrf_ringbuf_init
 *fill*         0x0000000000009eda        0x2 
 .text.nrf_ringbuf_alloc
                0x0000000000009edc       0xf8 Output/flash_fds_example_blank_pca10040 Debug/Obj/nrf_ringbuf.o
                0x0000000000009edc                nrf_ringbuf_alloc
 .text.nrf_ringbuf_put
                0x0000000000009fd4       0x66 Output/flash_fds_example_blank_pca10040 Debug/Obj/nrf_ringbuf.o
                0x0000000000009fd4                nrf_ringbuf_put
 *fill*         0x000000000000a03a        0x2 
 .text.nrf_ringbuf_cpy_put
                0x000000000000a03c       0xec Output/flash_fds_example_blank_pca10040 Debug/Obj/nrf_ringbuf.o
                0x000000000000a03c                nrf_ringbuf_cpy_put
 .text.nrf_ringbuf_get
                0x000000000000a128      0x104 Output/flash_fds_example_blank_pca10040 Debug/Obj/nrf_ringbuf.o
                0x000000000000a128                nrf_ringbuf_get
 .text.nrf_ringbuf_cpy_get
                0x000000000000a22c      0x108 Output/flash_fds_example_blank_pca10040 Debug/Obj/nrf_ringbuf.o
                0x000000000000a22c                nrf_ringbuf_cpy_get
 .text.nrf_ringbuf_free
                0x000000000000a334       0x56 Output/flash_fds_example_blank_pca10040 Debug/Obj/nrf_ringbuf.o
                0x000000000000a334                nrf_ringbuf_free
 *fill*         0x000000000000a38a        0x2 
 .text.nrf_strerror_get
                0x000000000000a38c       0x28 Output/flash_fds_example_blank_pca10040 Debug/Obj/nrf_strerror.o
                0x000000000000a38c                nrf_strerror_get
 .text.nrf_strerror_find
                0x000000000000a3b4       0x68 Output/flash_fds_example_blank_pca10040 Debug/Obj/nrf_strerror.o
                0x000000000000a3b4                nrf_strerror_find
 .text.nrf_clock_int_enable
                0x000000000000a41c       0x14 Output/flash_fds_example_blank_pca10040 Debug/Obj/nrf_drv_clock.o
 .text.nrf_clock_int_disable
                0x000000000000a430       0x14 Output/flash_fds_example_blank_pca10040 Debug/Obj/nrf_drv_clock.o
 .text.nrf_clock_task_trigger
                0x000000000000a444       0x1a Output/flash_fds_example_blank_pca10040 Debug/Obj/nrf_drv_clock.o
 .text.nrf_clock_event_clear
                0x000000000000a45e       0x28 Output/flash_fds_example_blank_pca10040 Debug/Obj/nrf_drv_clock.o
 .text.nrf_clock_event_check
                0x000000000000a486       0x22 Output/flash_fds_example_blank_pca10040 Debug/Obj/nrf_drv_clock.o
 .text.nrf_clock_lf_src_set
                0x000000000000a4a8       0x1e Output/flash_fds_example_blank_pca10040 Debug/Obj/nrf_drv_clock.o
 *fill*         0x000000000000a4c6        0x2 
 .text.nrf_drv_common_irq_enable_check
                0x000000000000a4c8       0x38 Output/flash_fds_example_blank_pca10040 Debug/Obj/nrf_drv_clock.o
 .text.nrf_drv_common_power_clock_irq_init
                0x000000000000a500       0x20 Output/flash_fds_example_blank_pca10040 Debug/Obj/nrf_drv_clock.o
 .text.lfclk_start
                0x000000000000a520       0x1a Output/flash_fds_example_blank_pca10040 Debug/Obj/nrf_drv_clock.o
 *fill*         0x000000000000a53a        0x2 
 .text.nrf_drv_clock_init
                0x000000000000a53c       0x4c Output/flash_fds_example_blank_pca10040 Debug/Obj/nrf_drv_clock.o
                0x000000000000a53c                nrf_drv_clock_init
 .text.item_enqueue
                0x000000000000a588       0x38 Output/flash_fds_example_blank_pca10040 Debug/Obj/nrf_drv_clock.o
 .text.item_dequeue
                0x000000000000a5c0       0x20 Output/flash_fds_example_blank_pca10040 Debug/Obj/nrf_drv_clock.o
 .text.nrf_drv_clock_lfclk_request
                0x000000000000a5e0       0x9c Output/flash_fds_example_blank_pca10040 Debug/Obj/nrf_drv_clock.o
                0x000000000000a5e0                nrf_drv_clock_lfclk_request
 .text.clock_clk_started_notify
                0x000000000000a67c       0x4c Output/flash_fds_example_blank_pca10040 Debug/Obj/nrf_drv_clock.o
 .text.POWER_CLOCK_IRQHandler
                0x000000000000a6c8       0x5c Output/flash_fds_example_blank_pca10040 Debug/Obj/nrf_drv_clock.o
                0x000000000000a6c8                POWER_CLOCK_IRQHandler
 .text.NVIC_EnableIRQ
                0x000000000000a724       0x2c Output/flash_fds_example_blank_pca10040 Debug/Obj/nrf_drv_common.o
 .text.NVIC_ClearPendingIRQ
                0x000000000000a750       0x30 Output/flash_fds_example_blank_pca10040 Debug/Obj/nrf_drv_common.o
 .text.NVIC_SetPriority
                0x000000000000a780       0x50 Output/flash_fds_example_blank_pca10040 Debug/Obj/nrf_drv_common.o
 .text.nrf_drv_common_irq_enable
                0x000000000000a7d0       0x54 Output/flash_fds_example_blank_pca10040 Debug/Obj/nrf_drv_common.o
                0x000000000000a7d0                nrf_drv_common_irq_enable
 .text.NVIC_DisableIRQ
                0x000000000000a824       0x30 Output/flash_fds_example_blank_pca10040 Debug/Obj/nrf_drv_uart.o
 .text.nrf_uart_event_clear
                0x000000000000a854       0x2a Output/flash_fds_example_blank_pca10040 Debug/Obj/nrf_drv_uart.o
 .text.nrf_uart_event_check
                0x000000000000a87e       0x24 Output/flash_fds_example_blank_pca10040 Debug/Obj/nrf_drv_uart.o
 .text.nrf_uart_int_enable
                0x000000000000a8a2       0x14 Output/flash_fds_example_blank_pca10040 Debug/Obj/nrf_drv_uart.o
 .text.nrf_uart_int_enable_check
                0x000000000000a8b6       0x20 Output/flash_fds_example_blank_pca10040 Debug/Obj/nrf_drv_uart.o
 .text.nrf_uart_int_disable
                0x000000000000a8d6       0x14 Output/flash_fds_example_blank_pca10040 Debug/Obj/nrf_drv_uart.o
 .text.nrf_uart_errorsrc_get_and_clear
                0x000000000000a8ea       0x1c Output/flash_fds_example_blank_pca10040 Debug/Obj/nrf_drv_uart.o
 .text.nrf_uart_enable
                0x000000000000a906       0x12 Output/flash_fds_example_blank_pca10040 Debug/Obj/nrf_drv_uart.o
 .text.nrf_uart_disable
                0x000000000000a918       0x12 Output/flash_fds_example_blank_pca10040 Debug/Obj/nrf_drv_uart.o
 .text.nrf_uart_txrx_pins_set
                0x000000000000a92a       0x1e Output/flash_fds_example_blank_pca10040 Debug/Obj/nrf_drv_uart.o
 .text.nrf_uart_txrx_pins_disconnect
                0x000000000000a948       0x1c Output/flash_fds_example_blank_pca10040 Debug/Obj/nrf_drv_uart.o
 .text.nrf_uart_tx_pin_get
                0x000000000000a964       0x10 Output/flash_fds_example_blank_pca10040 Debug/Obj/nrf_drv_uart.o
 .text.nrf_uart_rx_pin_get
                0x000000000000a974       0x10 Output/flash_fds_example_blank_pca10040 Debug/Obj/nrf_drv_uart.o
 .text.nrf_uart_rts_pin_get
                0x000000000000a984       0x10 Output/flash_fds_example_blank_pca10040 Debug/Obj/nrf_drv_uart.o
 .text.nrf_uart_cts_pin_get
                0x000000000000a994       0x10 Output/flash_fds_example_blank_pca10040 Debug/Obj/nrf_drv_uart.o
 .text.nrf_uart_hwfc_pins_set
                0x000000000000a9a4       0x1e Output/flash_fds_example_blank_pca10040 Debug/Obj/nrf_drv_uart.o
 .text.nrf_uart_hwfc_pins_disconnect
                0x000000000000a9c2       0x1c Output/flash_fds_example_blank_pca10040 Debug/Obj/nrf_drv_uart.o
 .text.nrf_uart_rxd_get
                0x000000000000a9de       0x12 Output/flash_fds_example_blank_pca10040 Debug/Obj/nrf_drv_uart.o
 .text.nrf_uart_txd_set
                0x000000000000a9f0       0x1a Output/flash_fds_example_blank_pca10040 Debug/Obj/nrf_drv_uart.o
 .text.nrf_uart_task_trigger
                0x000000000000aa0a       0x1c Output/flash_fds_example_blank_pca10040 Debug/Obj/nrf_drv_uart.o
 .text.nrf_uart_configure
                0x000000000000aa26       0x2a Output/flash_fds_example_blank_pca10040 Debug/Obj/nrf_drv_uart.o
 .text.nrf_uart_baudrate_set
                0x000000000000aa50       0x14 Output/flash_fds_example_blank_pca10040 Debug/Obj/nrf_drv_uart.o
 .text.nrf_uarte_event_clear
                0x000000000000aa64       0x2a Output/flash_fds_example_blank_pca10040 Debug/Obj/nrf_drv_uart.o
 .text.nrf_uarte_event_check
                0x000000000000aa8e       0x24 Output/flash_fds_example_blank_pca10040 Debug/Obj/nrf_drv_uart.o
 .text.nrf_uarte_shorts_enable
                0x000000000000aab2       0x1c Output/flash_fds_example_blank_pca10040 Debug/Obj/nrf_drv_uart.o
 .text.nrf_uarte_shorts_disable
                0x000000000000aace       0x1e Output/flash_fds_example_blank_pca10040 Debug/Obj/nrf_drv_uart.o
 .text.nrf_uarte_int_enable
                0x000000000000aaec       0x14 Output/flash_fds_example_blank_pca10040 Debug/Obj/nrf_drv_uart.o
 .text.nrf_uarte_int_disable
                0x000000000000ab00       0x14 Output/flash_fds_example_blank_pca10040 Debug/Obj/nrf_drv_uart.o
 .text.nrf_uarte_errorsrc_get_and_clear
                0x000000000000ab14       0x1c Output/flash_fds_example_blank_pca10040 Debug/Obj/nrf_drv_uart.o
 .text.nrf_uarte_enable
                0x000000000000ab30       0x12 Output/flash_fds_example_blank_pca10040 Debug/Obj/nrf_drv_uart.o
 .text.nrf_uarte_disable
                0x000000000000ab42       0x12 Output/flash_fds_example_blank_pca10040 Debug/Obj/nrf_drv_uart.o
 .text.nrf_uarte_txrx_pins_set
                0x000000000000ab54       0x1e Output/flash_fds_example_blank_pca10040 Debug/Obj/nrf_drv_uart.o
 .text.nrf_uarte_txrx_pins_disconnect
                0x000000000000ab72       0x1c Output/flash_fds_example_blank_pca10040 Debug/Obj/nrf_drv_uart.o
 .text.nrf_uarte_tx_pin_get
                0x000000000000ab8e       0x10 Output/flash_fds_example_blank_pca10040 Debug/Obj/nrf_drv_uart.o
 .text.nrf_uarte_rx_pin_get
                0x000000000000ab9e       0x10 Output/flash_fds_example_blank_pca10040 Debug/Obj/nrf_drv_uart.o
 .text.nrf_uarte_rts_pin_get
                0x000000000000abae       0x10 Output/flash_fds_example_blank_pca10040 Debug/Obj/nrf_drv_uart.o
 .text.nrf_uarte_cts_pin_get
                0x000000000000abbe       0x10 Output/flash_fds_example_blank_pca10040 Debug/Obj/nrf_drv_uart.o
 .text.nrf_uarte_hwfc_pins_set
                0x000000000000abce       0x1e Output/flash_fds_example_blank_pca10040 Debug/Obj/nrf_drv_uart.o
 .text.nrf_uarte_hwfc_pins_disconnect
                0x000000000000abec       0x1c Output/flash_fds_example_blank_pca10040 Debug/Obj/nrf_drv_uart.o
 .text.nrf_uarte_task_trigger
                0x000000000000ac08       0x1c Output/flash_fds_example_blank_pca10040 Debug/Obj/nrf_drv_uart.o
 .text.nrf_uarte_configure
                0x000000000000ac24       0x2a Output/flash_fds_example_blank_pca10040 Debug/Obj/nrf_drv_uart.o
 .text.nrf_uarte_baudrate_set
                0x000000000000ac4e       0x14 Output/flash_fds_example_blank_pca10040 Debug/Obj/nrf_drv_uart.o
 .text.nrf_uarte_tx_buffer_set
                0x000000000000ac62       0x24 Output/flash_fds_example_blank_pca10040 Debug/Obj/nrf_drv_uart.o
 .text.nrf_uarte_tx_amount_get
                0x000000000000ac86       0x10 Output/flash_fds_example_blank_pca10040 Debug/Obj/nrf_drv_uart.o
 .text.nrf_uarte_rx_buffer_set
                0x000000000000ac96       0x24 Output/flash_fds_example_blank_pca10040 Debug/Obj/nrf_drv_uart.o
 .text.nrf_uarte_rx_amount_get
                0x000000000000acba       0x10 Output/flash_fds_example_blank_pca10040 Debug/Obj/nrf_drv_uart.o
 .text.nrf_drv_common_irq_disable
                0x000000000000acca       0x1c Output/flash_fds_example_blank_pca10040 Debug/Obj/nrf_drv_uart.o
 .text.nrf_drv_get_IRQn
                0x000000000000ace6       0x16 Output/flash_fds_example_blank_pca10040 Debug/Obj/nrf_drv_uart.o
 .text.nrf_drv_is_in_RAM
                0x000000000000acfc       0x1c Output/flash_fds_example_blank_pca10040 Debug/Obj/nrf_drv_uart.o
 .text.nrf_gpio_pin_port_decode
                0x000000000000ad18       0x28 Output/flash_fds_example_blank_pca10040 Debug/Obj/nrf_drv_uart.o
 .text.nrf_gpio_cfg
                0x000000000000ad40       0x60 Output/flash_fds_example_blank_pca10040 Debug/Obj/nrf_drv_uart.o
 .text.nrf_gpio_cfg_output
                0x000000000000ada0       0x22 Output/flash_fds_example_blank_pca10040 Debug/Obj/nrf_drv_uart.o
 .text.nrf_gpio_cfg_input
                0x000000000000adc2       0x2c Output/flash_fds_example_blank_pca10040 Debug/Obj/nrf_drv_uart.o
 .text.nrf_gpio_cfg_default
                0x000000000000adee       0x22 Output/flash_fds_example_blank_pca10040 Debug/Obj/nrf_drv_uart.o
 .text.nrf_gpio_pin_set
                0x000000000000ae10       0x28 Output/flash_fds_example_blank_pca10040 Debug/Obj/nrf_drv_uart.o
 .text.nrf_gpio_port_out_set
                0x000000000000ae38       0x14 Output/flash_fds_example_blank_pca10040 Debug/Obj/nrf_drv_uart.o
 .text.apply_config
                0x000000000000ae4c      0x160 Output/flash_fds_example_blank_pca10040 Debug/Obj/nrf_drv_uart.o
 .text.interrupts_enable
                0x000000000000afac       0xd4 Output/flash_fds_example_blank_pca10040 Debug/Obj/nrf_drv_uart.o
 .text.interrupts_disable
                0x000000000000b080       0x6c Output/flash_fds_example_blank_pca10040 Debug/Obj/nrf_drv_uart.o
 .text.pins_to_default
                0x000000000000b0ec       0xe8 Output/flash_fds_example_blank_pca10040 Debug/Obj/nrf_drv_uart.o
 .text.uart_enable
                0x000000000000b1d4       0x3c Output/flash_fds_example_blank_pca10040 Debug/Obj/nrf_drv_uart.o
 .text.uart_disable
                0x000000000000b210       0x3c Output/flash_fds_example_blank_pca10040 Debug/Obj/nrf_drv_uart.o
 .text.nrf_drv_uart_init
                0x000000000000b24c       0xa4 Output/flash_fds_example_blank_pca10040 Debug/Obj/nrf_drv_uart.o
                0x000000000000b24c                nrf_drv_uart_init
 .text.nrf_drv_uart_uninit
                0x000000000000b2f0       0x44 Output/flash_fds_example_blank_pca10040 Debug/Obj/nrf_drv_uart.o
                0x000000000000b2f0                nrf_drv_uart_uninit
 .text.tx_byte  0x000000000000b334       0x46 Output/flash_fds_example_blank_pca10040 Debug/Obj/nrf_drv_uart.o
 *fill*         0x000000000000b37a        0x2 
 .text.nrf_drv_uart_tx_for_uart
                0x000000000000b37c       0xe4 Output/flash_fds_example_blank_pca10040 Debug/Obj/nrf_drv_uart.o
 .text.nrf_drv_uart_tx_for_uarte
                0x000000000000b460       0xbc Output/flash_fds_example_blank_pca10040 Debug/Obj/nrf_drv_uart.o
 .text.nrf_drv_uart_tx
                0x000000000000b51c       0xd8 Output/flash_fds_example_blank_pca10040 Debug/Obj/nrf_drv_uart.o
                0x000000000000b51c                nrf_drv_uart_tx
 .text.nrf_drv_uart_tx_in_progress
                0x000000000000b5f4       0x28 Output/flash_fds_example_blank_pca10040 Debug/Obj/nrf_drv_uart.o
                0x000000000000b5f4                nrf_drv_uart_tx_in_progress
 .text.rx_enable
                0x000000000000b61c       0x36 Output/flash_fds_example_blank_pca10040 Debug/Obj/nrf_drv_uart.o
 .text.rx_byte  0x000000000000b652       0x54 Output/flash_fds_example_blank_pca10040 Debug/Obj/nrf_drv_uart.o
 *fill*         0x000000000000b6a6        0x2 
 .text.nrf_drv_uart_rx_for_uart
                0x000000000000b6a8      0x158 Output/flash_fds_example_blank_pca10040 Debug/Obj/nrf_drv_uart.o
 .text.nrf_drv_uart_rx_for_uarte
                0x000000000000b800      0x130 Output/flash_fds_example_blank_pca10040 Debug/Obj/nrf_drv_uart.o
 .text.nrf_drv_uart_rx
                0x000000000000b930      0x188 Output/flash_fds_example_blank_pca10040 Debug/Obj/nrf_drv_uart.o
                0x000000000000b930                nrf_drv_uart_rx
 .text.rx_done_event
                0x000000000000bab8       0x36 Output/flash_fds_example_blank_pca10040 Debug/Obj/nrf_drv_uart.o
 .text.tx_done_event
                0x000000000000baee       0x3c Output/flash_fds_example_blank_pca10040 Debug/Obj/nrf_drv_uart.o
 *fill*         0x000000000000bb2a        0x2 
 .text.nrf_drv_uart_rx_abort
                0x000000000000bb2c       0x4c Output/flash_fds_example_blank_pca10040 Debug/Obj/nrf_drv_uart.o
                0x000000000000bb2c                nrf_drv_uart_rx_abort
 .text.uart_irq_handler
                0x000000000000bb78      0x1d4 Output/flash_fds_example_blank_pca10040 Debug/Obj/nrf_drv_uart.o
 .text.uarte_irq_handler
                0x000000000000bd4c      0x160 Output/flash_fds_example_blank_pca10040 Debug/Obj/nrf_drv_uart.o
 .text.UARTE0_UART0_IRQHandler
                0x000000000000beac       0x28 Output/flash_fds_example_blank_pca10040 Debug/Obj/nrf_drv_uart.o
                0x000000000000beac                UARTE0_UART0_IRQHandler
 .text.wait_for_flash_ready
                0x000000000000bed4       0x14 Output/flash_fds_example_blank_pca10040 Debug/Obj/nrf_nvmc.o
 .text.nrf_nvmc_page_erase
                0x000000000000bee8       0x40 Output/flash_fds_example_blank_pca10040 Debug/Obj/nrf_nvmc.o
                0x000000000000bee8                nrf_nvmc_page_erase
 .text.nrf_nvmc_write_words
                0x000000000000bf28       0x64 Output/flash_fds_example_blank_pca10040 Debug/Obj/nrf_nvmc.o
                0x000000000000bf28                nrf_nvmc_write_words
 .text.nrf_cli_help_requested
                0x000000000000bf8c       0x22 Output/flash_fds_example_blank_pca10040 Debug/Obj/cli.o
 *fill*         0x000000000000bfae        0x2 
 .text.cli_init
                0x000000000000bfb0       0x5c Output/flash_fds_example_blank_pca10040 Debug/Obj/cli.o
                0x000000000000bfb0                cli_init
 .text.cli_start
                0x000000000000c00c       0x30 Output/flash_fds_example_blank_pca10040 Debug/Obj/cli.o
                0x000000000000c00c                cli_start
 .text.cli_process
                0x000000000000c03c       0x10 Output/flash_fds_example_blank_pca10040 Debug/Obj/cli.o
                0x000000000000c03c                cli_process
 .text.cli_unknown_param_help
                0x000000000000c04c       0x2c Output/flash_fds_example_blank_pca10040 Debug/Obj/cli.o
 .text.cli_wrong_param_count_help
                0x000000000000c078       0x24 Output/flash_fds_example_blank_pca10040 Debug/Obj/cli.o
 .text.record_write
                0x000000000000c09c       0x78 Output/flash_fds_example_blank_pca10040 Debug/Obj/cli.o
 .text.record_update
                0x000000000000c114       0x90 Output/flash_fds_example_blank_pca10040 Debug/Obj/cli.o
 .text.record_delete
                0x000000000000c1a4       0x98 Output/flash_fds_example_blank_pca10040 Debug/Obj/cli.o
 .text.record_delete_next
                0x000000000000c23c       0x4a Output/flash_fds_example_blank_pca10040 Debug/Obj/cli.o
                0x000000000000c23c                record_delete_next
 *fill*         0x000000000000c286        0x2 
 .text.print_cmd
                0x000000000000c288       0x50 Output/flash_fds_example_blank_pca10040 Debug/Obj/cli.o
 .text.print_cfg_cmd
                0x000000000000c2d8      0x10c Output/flash_fds_example_blank_pca10040 Debug/Obj/cli.o
 .text.print_all_cmd
                0x000000000000c3e4      0x100 Output/flash_fds_example_blank_pca10040 Debug/Obj/cli.o
 .text.write_cmd
                0x000000000000c4e4       0xc8 Output/flash_fds_example_blank_pca10040 Debug/Obj/cli.o
 .text.update_cmd
                0x000000000000c5ac      0x120 Output/flash_fds_example_blank_pca10040 Debug/Obj/cli.o
 .text.delete_cmd
                0x000000000000c6cc       0x70 Output/flash_fds_example_blank_pca10040 Debug/Obj/cli.o
 .text.delete_all_cmd
                0x000000000000c73c       0x44 Output/flash_fds_example_blank_pca10040 Debug/Obj/cli.o
 .text.stat_cmd
                0x000000000000c780       0xa8 Output/flash_fds_example_blank_pca10040 Debug/Obj/cli.o
 .text.gc_cmd   0x000000000000c828       0x3c Output/flash_fds_example_blank_pca10040 Debug/Obj/cli.o
 .text.nrf_clock_lf_is_running
                0x000000000000c864       0x1c Output/flash_fds_example_blank_pca10040 Debug/Obj/main.o
 .text.fds_evt_handler
                0x000000000000c880       0xd8 Output/flash_fds_example_blank_pca10040 Debug/Obj/main.o
 .text.delete_all_begin
                0x000000000000c958       0x10 Output/flash_fds_example_blank_pca10040 Debug/Obj/main.o
                0x000000000000c958                delete_all_begin
 .text.delete_all_process
                0x000000000000c968       0x50 Output/flash_fds_example_blank_pca10040 Debug/Obj/main.o
                0x000000000000c968                delete_all_process
 .text.clock_init
                0x000000000000c9b8       0x44 Output/flash_fds_example_blank_pca10040 Debug/Obj/main.o
 .text.timer_init
                0x000000000000c9fc       0x2c Output/flash_fds_example_blank_pca10040 Debug/Obj/main.o
 .text.log_init
                0x000000000000ca28       0x2c Output/flash_fds_example_blank_pca10040 Debug/Obj/main.o
 .text.power_manage
                0x000000000000ca54        0x6 Output/flash_fds_example_blank_pca10040 Debug/Obj/main.o
 *fill*         0x000000000000ca5a        0x2 
 .text.wait_for_fds_ready
                0x000000000000ca5c       0x20 Output/flash_fds_example_blank_pca10040 Debug/Obj/main.o
 .text.flash_write
                0x000000000000ca7c       0x64 Output/flash_fds_example_blank_pca10040 Debug/Obj/main.o
                0x000000000000ca7c                flash_write
 .text.flash_read
                0x000000000000cae0       0x74 Output/flash_fds_example_blank_pca10040 Debug/Obj/main.o
                0x000000000000cae0                flash_read
 .text.flash_delete
                0x000000000000cb54       0x28 Output/flash_fds_example_blank_pca10040 Debug/Obj/main.o
                0x000000000000cb54                flash_delete
 .text.main     0x000000000000cb7c      0x34c Output/flash_fds_example_blank_pca10040 Debug/Obj/main.o
                0x000000000000cb7c                main
 .text.NVIC_SystemReset
                0x000000000000cec8       0x24 Output/flash_fds_example_blank_pca10040 Debug/Obj/system_nrf52.o
 .text.SystemCoreClockUpdate
                0x000000000000ceec       0x14 Output/flash_fds_example_blank_pca10040 Debug/Obj/system_nrf52.o
                0x000000000000ceec                SystemCoreClockUpdate
 .text.SystemInit
                0x000000000000cf00      0x2bc Output/flash_fds_example_blank_pca10040 Debug/Obj/system_nrf52.o
                0x000000000000cf00                SystemInit
 .text.errata_12
                0x000000000000d1bc       0x58 Output/flash_fds_example_blank_pca10040 Debug/Obj/system_nrf52.o
 .text.errata_16
                0x000000000000d214       0x38 Output/flash_fds_example_blank_pca10040 Debug/Obj/system_nrf52.o
 .text.errata_31
                0x000000000000d24c       0x58 Output/flash_fds_example_blank_pca10040 Debug/Obj/system_nrf52.o
 .text.errata_32
                0x000000000000d2a4       0x38 Output/flash_fds_example_blank_pca10040 Debug/Obj/system_nrf52.o
 .text.errata_36
                0x000000000000d2dc       0x58 Output/flash_fds_example_blank_pca10040 Debug/Obj/system_nrf52.o
 .text.errata_37
                0x000000000000d334       0x38 Output/flash_fds_example_blank_pca10040 Debug/Obj/system_nrf52.o
 .text.errata_57
                0x000000000000d36c       0x38 Output/flash_fds_example_blank_pca10040 Debug/Obj/system_nrf52.o
 .text.errata_66
                0x000000000000d3a4       0x38 Output/flash_fds_example_blank_pca10040 Debug/Obj/system_nrf52.o
 .text.errata_108
                0x000000000000d3dc       0x58 Output/flash_fds_example_blank_pca10040 Debug/Obj/system_nrf52.o
 .text.errata_136
                0x000000000000d434       0x58 Output/flash_fds_example_blank_pca10040 Debug/Obj/system_nrf52.o
 .text.libc.__stdin_ungetc
                0x000000000000d48c        0xc /usr/share/segger_embedded_studio_for_arm_3.34/lib/libc_v7em_fpv4_sp_d16_hard_t_le_eabi.a(libc2.o)
                0x000000000000d48c                __stdin_ungetc
 .text.libc.__RAL_ascii_isctype
                0x000000000000d498       0x1c /usr/share/segger_embedded_studio_for_arm_3.34/lib/libc_v7em_fpv4_sp_d16_hard_t_le_eabi.a(libc2.o)
 .text.libc.__RAL_ascii_toupper
                0x000000000000d4b4        0xc /usr/share/segger_embedded_studio_for_arm_3.34/lib/libc_v7em_fpv4_sp_d16_hard_t_le_eabi.a(libc2.o)
 .text.libc.__RAL_ascii_tolower
                0x000000000000d4c0        0xc /usr/share/segger_embedded_studio_for_arm_3.34/lib/libc_v7em_fpv4_sp_d16_hard_t_le_eabi.a(libc2.o)
 .text.libc.__RAL_ascii_iswctype
                0x000000000000d4cc       0x1c /usr/share/segger_embedded_studio_for_arm_3.34/lib/libc_v7em_fpv4_sp_d16_hard_t_le_eabi.a(libc2.o)
 .text.libc.__RAL_ascii_towupper
                0x000000000000d4e8        0xc /usr/share/segger_embedded_studio_for_arm_3.34/lib/libc_v7em_fpv4_sp_d16_hard_t_le_eabi.a(libc2.o)
 .text.libc.__RAL_ascii_towlower
                0x000000000000d4f4        0xc /usr/share/segger_embedded_studio_for_arm_3.34/lib/libc_v7em_fpv4_sp_d16_hard_t_le_eabi.a(libc2.o)
 .text.libc.__RAL_ascii_wctomb
                0x000000000000d500        0xe /usr/share/segger_embedded_studio_for_arm_3.34/lib/libc_v7em_fpv4_sp_d16_hard_t_le_eabi.a(libc2.o)
                0x000000000000d500                __RAL_ascii_wctomb
 *fill*         0x000000000000d50e        0x2 
 .text.libc.getchar
                0x000000000000d510       0x1c /usr/share/segger_embedded_studio_for_arm_3.34/lib/libc_v7em_fpv4_sp_d16_hard_t_le_eabi.a(libc2.o)
                0x000000000000d510                getchar
 .text.libc.__RAL_ascii_mbtowc
                0x000000000000d52c       0x24 /usr/share/segger_embedded_studio_for_arm_3.34/lib/libc_v7em_fpv4_sp_d16_hard_t_le_eabi.a(libc2.o)
                0x000000000000d52c                __RAL_ascii_mbtowc
 .text.libc.__getc
                0x000000000000d550       0x20 /usr/share/segger_embedded_studio_for_arm_3.34/lib/libc_v7em_fpv4_sp_d16_hard_t_le_eabi.a(libc2.o)
                0x000000000000d550                __getc
 .text.libc.__putc
                0x000000000000d570       0x34 /usr/share/segger_embedded_studio_for_arm_3.34/lib/libc_v7em_fpv4_sp_d16_hard_t_le_eabi.a(libc2.o)
                0x000000000000d570                __putc
 .text.libc.__RAL_print_padding
                0x000000000000d5a4       0x1c /usr/share/segger_embedded_studio_for_arm_3.34/lib/libc_v7em_fpv4_sp_d16_hard_t_le_eabi.a(libc2.o)
                0x000000000000d5a4                __RAL_print_padding
 .text.libc.__RAL_pre_padding
                0x000000000000d5c0       0x1c /usr/share/segger_embedded_studio_for_arm_3.34/lib/libc_v7em_fpv4_sp_d16_hard_t_le_eabi.a(libc2.o)
                0x000000000000d5c0                __RAL_pre_padding
 .text.libc.__RAL_isctype
                0x000000000000d5dc       0x14 /usr/share/segger_embedded_studio_for_arm_3.34/lib/libc_v7em_fpv4_sp_d16_hard_t_le_eabi.a(libc2.o)
                0x000000000000d5dc                __RAL_isctype
 .text.libc.isupper
                0x000000000000d5f0        0xa /usr/share/segger_embedded_studio_for_arm_3.34/lib/libc_v7em_fpv4_sp_d16_hard_t_le_eabi.a(libc2.o)
                0x000000000000d5f0                isupper
 .text.libc.islower
                0x000000000000d5fa        0xa /usr/share/segger_embedded_studio_for_arm_3.34/lib/libc_v7em_fpv4_sp_d16_hard_t_le_eabi.a(libc2.o)
                0x000000000000d5fa                islower
 .text.libc.isdigit
                0x000000000000d604        0xa /usr/share/segger_embedded_studio_for_arm_3.34/lib/libc_v7em_fpv4_sp_d16_hard_t_le_eabi.a(libc2.o)
                0x000000000000d604                isdigit
 .text.libc.__digit
                0x000000000000d60e       0x3c /usr/share/segger_embedded_studio_for_arm_3.34/lib/libc_v7em_fpv4_sp_d16_hard_t_le_eabi.a(libc2.o)
                0x000000000000d60e                __digit
 .text.libc.isspace
                0x000000000000d64a        0xa /usr/share/segger_embedded_studio_for_arm_3.34/lib/libc_v7em_fpv4_sp_d16_hard_t_le_eabi.a(libc2.o)
                0x000000000000d64a                isspace
 .text.libc.isprint
                0x000000000000d654        0xa /usr/share/segger_embedded_studio_for_arm_3.34/lib/libc_v7em_fpv4_sp_d16_hard_t_le_eabi.a(libc2.o)
                0x000000000000d654                isprint
 *fill*         0x000000000000d65e        0x2 
 .text.libc.__aeabi_errno_addr
                0x000000000000d660       0x14 /usr/share/segger_embedded_studio_for_arm_3.34/lib/libc_v7em_fpv4_sp_d16_hard_t_le_eabi.a(libc2.o)
                0x000000000000d660                __aeabi_errno_addr
 .text.libc.__strtoul
                0x000000000000d674       0xdc /usr/share/segger_embedded_studio_for_arm_3.34/lib/libc_v7em_fpv4_sp_d16_hard_t_le_eabi.a(libc2.o)
                0x000000000000d674                __strtoul
 .text.libc.malloc
                0x000000000000d750       0x98 /usr/share/segger_embedded_studio_for_arm_3.34/lib/libc_v7em_fpv4_sp_d16_hard_t_le_eabi.a(libc2.o)
                0x000000000000d750                malloc
 .text.libc.memmove
                0x000000000000d7e8       0x3a /usr/share/segger_embedded_studio_for_arm_3.34/lib/libc_v7em_fpv4_sp_d16_hard_t_le_eabi.a(libc2.o)
                0x000000000000d7e8                memmove
                0x000000000000d7e8                __aeabi_memmove8
                0x000000000000d7e8                __aeabi_memmove
                0x000000000000d7e8                __aeabi_memmove4
 *fill*         0x000000000000d822        0x2 
 .text.libc.printf
                0x000000000000d824       0x40 /usr/share/segger_embedded_studio_for_arm_3.34/lib/libc_v7em_fpv4_sp_d16_hard_t_le_eabi.a(libc2.o)
                0x000000000000d824                printf
 .text.libc.qsort
                0x000000000000d864      0x220 /usr/share/segger_embedded_studio_for_arm_3.34/lib/libc_v7em_fpv4_sp_d16_hard_t_le_eabi.a(libc2.o)
                0x000000000000d864                qsort
 .text.libc.scanf
                0x000000000000da84       0x44 /usr/share/segger_embedded_studio_for_arm_3.34/lib/libc_v7em_fpv4_sp_d16_hard_t_le_eabi.a(libc2.o)
                0x000000000000da84                scanf
 .text.libc.strncmp
                0x000000000000dac8       0x3c /usr/share/segger_embedded_studio_for_arm_3.34/lib/libc_v7em_fpv4_sp_d16_hard_t_le_eabi.a(libc2.o)
                0x000000000000dac8                strncmp
 .text.libc.strnlen
                0x000000000000db04       0x20 /usr/share/segger_embedded_studio_for_arm_3.34/lib/libc_v7em_fpv4_sp_d16_hard_t_le_eabi.a(libc2.o)
                0x000000000000db04                strnlen
 .text.libc.strtol
                0x000000000000db24       0xac /usr/share/segger_embedded_studio_for_arm_3.34/lib/libc_v7em_fpv4_sp_d16_hard_t_le_eabi.a(libc2.o)
                0x000000000000db24                strtol
 .text.libc.memcpy
                0x000000000000dbd0       0x54 /usr/share/segger_embedded_studio_for_arm_3.34/lib/libc_v7em_fpv4_sp_d16_hard_t_le_eabi.a(libc2_asm.o)
                0x000000000000dbd0                memcpy
                0x000000000000dbd0                __aeabi_memcpy
                0x000000000000dbdc                __aeabi_memcpy4
                0x000000000000dbdc                __aeabi_memcpy8
 .text.libc.memset
                0x000000000000dc24       0x68 /usr/share/segger_embedded_studio_for_arm_3.34/lib/libc_v7em_fpv4_sp_d16_hard_t_le_eabi.a(libc2_asm.o)
                0x000000000000dc24                memset
 .text.libc.strcpy
                0x000000000000dc8c       0x44 /usr/share/segger_embedded_studio_for_arm_3.34/lib/libc_v7em_fpv4_sp_d16_hard_t_le_eabi.a(libc2_asm.o)
                0x000000000000dc8c                strcpy
 .text.libc.strcmp
                0x000000000000dcd0       0x50 /usr/share/segger_embedded_studio_for_arm_3.34/lib/libc_v7em_fpv4_sp_d16_hard_t_le_eabi.a(libc2_asm.o)
                0x000000000000dcd0                strcmp
 .text.libc.strlen
                0x000000000000dd20       0x60 /usr/share/segger_embedded_studio_for_arm_3.34/lib/libc_v7em_fpv4_sp_d16_hard_t_le_eabi.a(libc2_asm.o)
                0x000000000000dd20                strlen
 .text.libdebugio.debug_getchar
                0x000000000000dd80       0x16 /usr/share/segger_embedded_studio_for_arm_3.34/lib/libdebugio_v7em_fpv4_sp_d16_hard_t_le_eabi.a(libdebugio.o)
                0x000000000000dd80                debug_getchar
 .text.libdebugio.debug_putchar
                0x000000000000dd96       0x18 /usr/share/segger_embedded_studio_for_arm_3.34/lib/libdebugio_v7em_fpv4_sp_d16_hard_t_le_eabi.a(libdebugio.o)
                0x000000000000dd96                debug_putchar
 *fill*         0x000000000000ddae        0x2 
 .text.libc.__vfprintf_long
                0x000000000000ddb0      0x71c /usr/share/segger_embedded_studio_for_arm_3.34/lib/libvfprintf_v7em_fpv4_sp_d16_hard_t_le_eabi.o
                0x000000000000ddb0                __vfprintf_long
 .text.libc.__ungetc
                0x000000000000e4cc       0x1e /usr/share/segger_embedded_studio_for_arm_3.34/lib/libvfscanf_v7em_fpv4_sp_d16_hard_t_le_eabi.o
 .text.libc.rd_string
                0x000000000000e4ea       0xa8 /usr/share/segger_embedded_studio_for_arm_3.34/lib/libvfscanf_v7em_fpv4_sp_d16_hard_t_le_eabi.o
 .text.libc.rd_string_map
                0x000000000000e592       0x9c /usr/share/segger_embedded_studio_for_arm_3.34/lib/libvfscanf_v7em_fpv4_sp_d16_hard_t_le_eabi.o
 .text.libc.rd_int
                0x000000000000e62e      0x180 /usr/share/segger_embedded_studio_for_arm_3.34/lib/libvfscanf_v7em_fpv4_sp_d16_hard_t_le_eabi.o
 .text.libc.__vfscanf_int
                0x000000000000e7ae      0x37a /usr/share/segger_embedded_studio_for_arm_3.34/lib/libvfscanf_v7em_fpv4_sp_d16_hard_t_le_eabi.o
                0x000000000000e7ae                __vfscanf_int
 .text.libdebugio.__do_debug_operation
                0x000000000000eb28       0x30 /usr/share/segger_embedded_studio_for_arm_3.34/lib/libdebugio_mempoll_v7em_fpv4_sp_d16_hard_t_le_eabi.a(mempoll_debug_operations.o)
                0x000000000000eb28                __do_debug_operation
                0x000000000000eb58                __text_end__ = (__text_start__ + SIZEOF (.text))
                0x000000000000e864                __text_size__ = SIZEOF (.text)
                0x000000000000eb58                __text_load_end__ = __text_end__

.vfp11_veneer   0x0000000100000000        0x0